******************************************************************************
             TMS320C2000 Linker PC v20.2.1                     
******************************************************************************
>> Linked Wed Aug 26 22:58:20 2020

OUTPUT FILE NAME:   <CoolingProj_v2.out>
ENTRY POINT SYMBOL: "code_start"  address: 00000000


MEMORY CONFIGURATION

         name            origin    length      used     unused   attr    fill
----------------------  --------  ---------  --------  --------  ----  --------
PAGE 0:
  BEGIN                 00000000   00000002  00000002  00000000  RWIX
  RAMM0                 00000123   000002dd  00000020  000002bd  RWIX
  RAMLS0                00008000   00000800  000004a7  00000359  RWIX
  RAMLS1                00008800   00000800  00000000  00000800  RWIX
  RAMLS2                00009000   00000800  00000000  00000800  RWIX
  RAMLS3                00009800   00000800  00000000  00000800  RWIX
  RAMLS4                0000a000   00000800  00000000  00000800  RWIX
  RAMD0                 0000b000   00000800  00000800  00000000  RWIX
  RESET                 003fffc0   00000002  00000000  00000002  RWIX

PAGE 1:
  BOOT_RSVD             00000002   00000121  00000000  00000121  RWIX
  RAMM1                 00000400   000003f8  000003f8  00000000  RWIX
  RAMLS5                0000a800   00000800  000001bf  00000641  RWIX
  RAMD1                 0000b800   00000800  00000000  00000800  RWIX
  RAMGS0                0000c000   00001000  00000000  00001000  RWIX
  RAMGS1                0000d000   00001000  00000000  00001000  RWIX
  RAMGS2                0000e000   00001000  00000000  00001000  RWIX
  RAMGS3                0000f000   00001000  00000000  00001000  RWIX
  RAMGS4                00010000   00001000  00000000  00001000  RWIX
  RAMGS5                00011000   00001000  00000000  00001000  RWIX
  RAMGS6                00012000   00001000  00000000  00001000  RWIX
  RAMGS7                00013000   00001000  00000000  00001000  RWIX
  RAMGS8                00014000   00001000  00000000  00001000  RWIX
  RAMGS9                00015000   00001000  00000000  00001000  RWIX
  RAMGS10               00016000   00001000  00000000  00001000  RWIX
  RAMGS11               00017000   00001000  00000000  00001000  RWIX
  RAMGS12               00018000   00001000  00000000  00001000  RWIX
  RAMGS13               00019000   00001000  00000000  00001000  RWIX
  RAMGS14               0001a000   00001000  00000000  00001000  RWIX
  RAMGS15               0001b000   00000ff8  00000000  00000ff8  RWIX
  CPU2TOCPU1RAM         0003f800   00000400  00000000  00000400  RWIX
  CPU1TOCPU2RAM         0003fc00   00000400  00000000  00000400  RWIX
  CANA_MSG_RAM          00049000   00000800  00000000  00000800  RWIX
  CANB_MSG_RAM          0004b000   00000800  00000000  00000800  RWIX


SECTION ALLOCATION MAP

 output                                  attributes/
section   page    origin      length       input sections
--------  ----  ----------  ----------   ----------------
codestart 
*          0    00000000    00000002     
                  00000000    00000002     F2837xD_CodeStartBranch.obj (codestart)

.cinit     0    00000128    0000001c     
                  00000128    00000009     (.cinit..data.load) [load image, compression = lzss]
                  00000131    00000001     --HOLE-- [fill = 0]
                  00000132    00000006     (__TI_handler_table)
                  00000138    00000004     (.cinit..bss.load) [load image, compression = zero_init]
                  0000013c    00000008     (__TI_cinit_table)

.reset     0    003fffc0    00000000     DSECT

.stack     1    00000400    000003f8     UNINITIALIZED
                  00000400    000003f8     --HOLE--

.bss       1    0000a980    00000038     UNINITIALIZED
                  0000a980    00000038     coolingproj_4ch_epwm.obj (.bss)

.init_array 
*          0    00000123    00000000     UNINITIALIZED

.const     1    0000a800    00000177     
                  0000a800    000000bc     driverlib_eabi.lib : gpio.obj (.const:.string)
                  0000a8bc    00000060                        : sysctl.obj (.const:.string)
                  0000a91c    00000047     coolingproj_4ch_epwm.obj (.const:.string)
                  0000a963    00000001     --HOLE-- [fill = 0]
                  0000a964    00000013     device.obj (.const:.string)

.data      1    0000a9b8    00000010     UNINITIALIZED
                  0000a9b8    00000006     device.obj (.data)
                  0000a9be    00000002     rts2800_fpu32_eabi.lib : _lock.c.obj (.data:_lock)
                  0000a9c0    00000006                            : exit.c.obj (.data)
                  0000a9c6    00000002                            : _lock.c.obj (.data:_unlock)

.TI.ramfunc 
*          0    00000123    00000004     
                  00000123    00000004     driverlib_eabi.lib : sysctl.obj (.TI.ramfunc)

GETBUFFER 
*          0    0003f800    00000000     DSECT

GETWRITEIDX 
*          0    0003f800    00000000     DSECT

PUTREADIDX 
*          0    0003f800    00000000     DSECT

.text.1    0    00008000    000004a7     
                  00008000    0000021f     driverlib_eabi.lib : sysctl.obj (.text:SysCtl_setClock)
                  0000821f    0000005e                        : sysctl.obj (.text:SysCtl_selectOscSource)
                  0000827d    00000052                        : gpio.obj (.text:GPIO_setPadConfig)
                  000082cf    00000051                        : sysctl.obj (.text:SysCtl_getClock)
                  00008320    00000037                        : gpio.obj (.text:GPIO_setPinConfig)
                  00008357    00000031     rts2800_fpu32_eabi.lib : copy_decompress_lzss.c.obj (.text:decompress:lzss)
                  00008388    0000002b                            : autoinit.c.obj (.text:__TI_auto_init_nobinit_nopinit)
                  000083b3    00000029                            : exit.c.obj (.text)
                  000083dc    00000020     driverlib_eabi.lib : interrupt.obj (.text:Interrupt_initVectorTable)
                  000083fc    0000001d     rts2800_fpu32_eabi.lib : memcpy.c.obj (.text)
                  00008419    0000001a     driverlib_eabi.lib : sysctl.obj (.text:SysCtl_getLowSpeedClock)
                  00008433    00000017     rts2800_fpu32_eabi.lib : boot28.asm.obj (.text)
                  0000844a    0000000e     driverlib_eabi.lib : interrupt.obj (.text:Interrupt_defaultHandler)
                  00008458    0000000d                        : interrupt.obj (.text:Interrupt_disableMaster)
                  00008465    0000000d     rts2800_fpu32_eabi.lib : copy_zero_init.c.obj (.text:decompress:ZI:__TI_zero_init_nomemset)
                  00008472    0000000c                            : args_main.c.obj (.text)
                  0000847e    0000000b     driverlib_eabi.lib : sysctl.obj (.text:SysCtl_isMCDClockFailureDetected)
                  00008489    00000009                        : sysctl.obj (.text:SysCtl_serviceWatchdog)
                  00008492    00000009     rts2800_fpu32_eabi.lib : _lock.c.obj (.text)
                  0000849b    00000008                            : copy_decompress_none.c.obj (.text:decompress:none)
                  000084a3    00000002     driverlib_eabi.lib : interrupt.obj (.text:Interrupt_nmiHandler)
                  000084a5    00000002     rts2800_fpu32_eabi.lib : pre_init.c.obj (.text)

.text.2    0    0000b000    00000800     
                  0000b000    000003da     coolingproj_4ch_epwm.obj (.text)
                  0000b3da    0000024f     device.obj (.text)
                  0000b629    00000099     coolingproj_4ch_epwm.obj (.text:retain)
                  0000b6c2    00000088     rts2800_fpu32_eabi.lib : fs_div28.asm.obj (.text)
                  0000b74a    00000068     driverlib_eabi.lib : sysctl.obj (.text:SysCtl_getDeviceParametric)
                  0000b7b2    0000003d                        : interrupt.obj (.text:Interrupt_initModule)
                  0000b7ef    0000000e                        : gpio.obj (.text:GPIO_isPinValid)
                  0000b7fd    00000002                        : interrupt.obj (.text:Interrupt_illegalOperationHandler)
                  0000b7ff    00000001     rts2800_fpu32_eabi.lib : startup.c.obj (.text)

MODULE SUMMARY

       Module                        code   ro data   rw data
       ------                        ----   -------   -------
    .\
       coolingproj_4ch_epwm.obj      1139   71        56     
    +--+-----------------------------+------+---------+---------+
       Total:                        1139   71        56     
                                                             
    .\device\
       device.obj                    591    19        6      
       F2837xD_CodeStartBranch.obj   2      0         0      
    +--+-----------------------------+------+---------+---------+
       Total:                        593    19        6      
                                                             
    C:\ti\C2000Ware_3_02_00_00_Software\driverlib\f2837xd\driverlib\ccs\Debug\driverlib_eabi.lib
       sysctl.obj                    872    96        0      
       gpio.obj                      151    188       0      
       interrupt.obj                 124    0         0      
    +--+-----------------------------+------+---------+---------+
       Total:                        1147   284       0      
                                                             
    C:\ti\ccs1010\ccs\tools\compiler\ti-cgt-c2000_20.2.1.LTS\lib\rts2800_fpu32_eabi.lib
       fs_div28.asm.obj              136    0         0      
       copy_decompress_lzss.c.obj    49     0         0      
       exit.c.obj                    41     0         6      
       autoinit.c.obj                43     0         0      
       memcpy.c.obj                  29     0         0      
       boot28.asm.obj                23     0         0      
       _lock.c.obj                   9      0         4      
       copy_zero_init.c.obj          13     0         0      
       args_main.c.obj               12     0         0      
       copy_decompress_none.c.obj    8      0         0      
       pre_init.c.obj                2      0         0      
       startup.c.obj                 1      0         0      
    +--+-----------------------------+------+---------+---------+
       Total:                        366    0         10     
                                                             
       Stack:                        0      0         1016   
       Linker Generated:             0      27        0      
    +--+-----------------------------+------+---------+---------+
       Grand Total:                  3245   401       1088   


LINKER GENERATED COPY TABLES

__TI_cinit_table @ 0000013c records: 2, size/record: 4, table size: 8
	.data: load addr=00000128, load size=00000009 bytes, run addr=0000a9b8, run size=00000010 bytes, compression=lzss
	.bss: load addr=00000138, load size=00000004 bytes, run addr=0000a980, run size=00000038 bytes, compression=zero_init


LINKER GENERATED HANDLER TABLE

__TI_handler_table @ 00000132 records: 3, size/record: 2, table size: 6
	index: 0, handler: __TI_zero_init
	index: 1, handler: __TI_decompress_lzss
	index: 2, handler: __TI_decompress_none


GLOBAL DATA SYMBOLS: SORTED BY DATA PAGE

address     data page           name
--------    ----------------    ----
00000400      10 (00000400)     __stack

0000a980     2a6 (0000a980)     epwm1Info
0000a98e     2a6 (0000a980)     epwm2Info
0000a99c     2a6 (0000a980)     epwm3Info
0000a9aa     2a6 (0000a980)     epwm4Info
0000a9b8     2a6 (0000a980)     Example_Result
0000a9ba     2a6 (0000a980)     Example_PassCount
0000a9bc     2a6 (0000a980)     Example_Fail
0000a9be     2a6 (0000a980)     _lock

0000a9c0     2a7 (0000a9c0)     __TI_enable_exit_profile_output
0000a9c2     2a7 (0000a9c0)     __TI_cleanup_ptr
0000a9c4     2a7 (0000a9c0)     __TI_dtors_ptr
0000a9c6     2a7 (0000a9c0)     _unlock


GLOBAL SYMBOLS: SORTED ALPHABETICALLY BY Name 

page  address   name                                     
----  -------   ----                                     
0     000083b3  C$$EXIT                                  
0     0000b5e6  Device_configureTMXAnalogTrim            
0     0000b48a  Device_enableAllPeripherals              
0     0000b5d0  Device_enableUnbondedGPIOPullups         
0     0000b5ad  Device_enableUnbondedGPIOPullupsFor100Pin
0     0000b596  Device_enableUnbondedGPIOPullupsFor176Pin
0     0000b448  Device_init                              
0     0000b575  Device_initGPIO                          
1     0000a9bc  Example_Fail                             
1     0000a9ba  Example_PassCount                        
1     0000a9b8  Example_Result                           
0     0000b628  Example_done                             
0     0000b623  Example_setResultFail                    
0     0000b61e  Example_setResultPass                    
0     0000827d  GPIO_setPadConfig                        
0     00008320  GPIO_setPinConfig                        
0     0000b37f  InitEPWMInfox                            
0     0000b7b2  Interrupt_initModule                     
0     000083dc  Interrupt_initVectorTable                
0     00000123  SysCtl_delay                             
0     000082cf  SysCtl_getClock                          
0     0000b74a  SysCtl_getDeviceParametric               
0     00008419  SysCtl_getLowSpeedClock                  
0     0000821f  SysCtl_selectOscSource                   
0     00008000  SysCtl_setClock                          
0     0000013c  __TI_CINIT_Base                          
0     00000144  __TI_CINIT_Limit                         
0     00000132  __TI_Handler_Table_Base                  
0     00000138  __TI_Handler_Table_Limit                 
1     000007f8  __TI_STACK_END                           
abs   000003f8  __TI_STACK_SIZE                          
0     00008388  __TI_auto_init_nobinit_nopinit           
1     0000a9c2  __TI_cleanup_ptr                         
0     00008357  __TI_decompress_lzss                     
0     0000849b  __TI_decompress_none                     
1     0000a9c4  __TI_dtors_ptr                           
1     0000a9c0  __TI_enable_exit_profile_output          
abs   ffffffff  __TI_pprof_out_hndl                      
abs   ffffffff  __TI_prof_data_size                      
abs   ffffffff  __TI_prof_data_start                     
0     00008465  __TI_zero_init_nomemset                  
0     0000b6c2  __c28xabi_divf                           
n/a   UNDEFED   __c_args__                               
0     0000b617  __error__                                
1     00000400  __stack                                  
0     00008472  _args_main                               
0     00008433  _c_int00                                 
1     0000a9be  _lock                                    
0     0000849a  _nop                                     
0     00008496  _register_lock                           
0     00008492  _register_unlock                         
0     0000b7ff  _system_post_cinit                       
0     000084a5  _system_pre_init                         
1     0000a9c6  _unlock                                  
0     000083b3  abort                                    
0     00000000  code_start                               
0     0000b629  epwm1ISR                                 
1     0000a980  epwm1Info                                
0     0000b65c  epwm2ISR                                 
1     0000a98e  epwm2Info                                
0     0000b68f  epwm3ISR                                 
1     0000a99c  epwm3Info                                
1     0000a9aa  epwm4Info                                
0     000083b5  exit                                     
0     0000b32b  initEPWM                                 
0     0000b213  main                                     
0     000083fc  memcpy                                   


GLOBAL SYMBOLS: SORTED BY Symbol Address 

page  address   name                                     
----  -------   ----                                     
0     00000000  code_start                               
0     00000123  SysCtl_delay                             
0     00000132  __TI_Handler_Table_Base                  
0     00000138  __TI_Handler_Table_Limit                 
0     0000013c  __TI_CINIT_Base                          
0     00000144  __TI_CINIT_Limit                         
0     00008000  SysCtl_setClock                          
0     0000821f  SysCtl_selectOscSource                   
0     0000827d  GPIO_setPadConfig                        
0     000082cf  SysCtl_getClock                          
0     00008320  GPIO_setPinConfig                        
0     00008357  __TI_decompress_lzss                     
0     00008388  __TI_auto_init_nobinit_nopinit           
0     000083b3  C$$EXIT                                  
0     000083b3  abort                                    
0     000083b5  exit                                     
0     000083dc  Interrupt_initVectorTable                
0     000083fc  memcpy                                   
0     00008419  SysCtl_getLowSpeedClock                  
0     00008433  _c_int00                                 
0     00008465  __TI_zero_init_nomemset                  
0     00008472  _args_main                               
0     00008492  _register_unlock                         
0     00008496  _register_lock                           
0     0000849a  _nop                                     
0     0000849b  __TI_decompress_none                     
0     000084a5  _system_pre_init                         
0     0000b213  main                                     
0     0000b32b  initEPWM                                 
0     0000b37f  InitEPWMInfox                            
0     0000b448  Device_init                              
0     0000b48a  Device_enableAllPeripherals              
0     0000b575  Device_initGPIO                          
0     0000b596  Device_enableUnbondedGPIOPullupsFor176Pin
0     0000b5ad  Device_enableUnbondedGPIOPullupsFor100Pin
0     0000b5d0  Device_enableUnbondedGPIOPullups         
0     0000b5e6  Device_configureTMXAnalogTrim            
0     0000b617  __error__                                
0     0000b61e  Example_setResultPass                    
0     0000b623  Example_setResultFail                    
0     0000b628  Example_done                             
0     0000b629  epwm1ISR                                 
0     0000b65c  epwm2ISR                                 
0     0000b68f  epwm3ISR                                 
0     0000b6c2  __c28xabi_divf                           
0     0000b74a  SysCtl_getDeviceParametric               
0     0000b7b2  Interrupt_initModule                     
0     0000b7ff  _system_post_cinit                       
1     00000400  __stack                                  
1     000007f8  __TI_STACK_END                           
1     0000a980  epwm1Info                                
1     0000a98e  epwm2Info                                
1     0000a99c  epwm3Info                                
1     0000a9aa  epwm4Info                                
1     0000a9b8  Example_Result                           
1     0000a9ba  Example_PassCount                        
1     0000a9bc  Example_Fail                             
1     0000a9be  _lock                                    
1     0000a9c0  __TI_enable_exit_profile_output          
1     0000a9c2  __TI_cleanup_ptr                         
1     0000a9c4  __TI_dtors_ptr                           
1     0000a9c6  _unlock                                  
abs   000003f8  __TI_STACK_SIZE                          
abs   ffffffff  __TI_pprof_out_hndl                      
abs   ffffffff  __TI_prof_data_size                      
abs   ffffffff  __TI_prof_data_start                     
n/a   UNDEFED   __c_args__                               

[67 symbols]
