******************************************************************************
             TMS320C2000 Linker PC v20.2.1                     
******************************************************************************
>> Linked Thu Sep 10 23:13:50 2020

OUTPUT FILE NAME:   <CoolingProj_v2.out>
ENTRY POINT SYMBOL: "code_start"  address: 00000000


MEMORY CONFIGURATION

         name            origin    length      used     unused   attr    fill
----------------------  --------  ---------  --------  --------  ----  --------
PAGE 0:
  BEGIN                 00000000   00000002  00000002  00000000  RWIX
  RAMM0                 00000123   000002dd  00000020  000002bd  RWIX
  RAMLS0                00008000   00000800  00000800  00000000  RWIX
  RAMLS1                00008800   00000800  00000130  000006d0  RWIX
  RAMLS2                00009000   00000800  00000000  00000800  RWIX
  RAMLS3                00009800   00000800  00000000  00000800  RWIX
  RAMLS4                0000a000   00000800  00000000  00000800  RWIX
  RAMD0                 0000b000   00000800  00000800  00000000  RWIX
  RESET                 003fffc0   00000002  00000000  00000002  RWIX

PAGE 1:
  BOOT_RSVD             00000002   00000121  00000000  00000121  RWIX
  RAMM1                 00000400   000003f8  000003f8  00000000  RWIX
  RAMLS5                0000a800   00000800  00000288  00000578  RWIX
  RAMD1                 0000b800   00000800  00000000  00000800  RWIX
  RAMGS0                0000c000   00001000  00000000  00001000  RWIX
  RAMGS1                0000d000   00001000  00000000  00001000  RWIX
  RAMGS2                0000e000   00001000  00000000  00001000  RWIX
  RAMGS3                0000f000   00001000  00000000  00001000  RWIX
  RAMGS4                00010000   00001000  00000000  00001000  RWIX
  RAMGS5                00011000   00001000  00000000  00001000  RWIX
  RAMGS6                00012000   00001000  00000000  00001000  RWIX
  RAMGS7                00013000   00001000  00000000  00001000  RWIX
  RAMGS8                00014000   00001000  00000000  00001000  RWIX
  RAMGS9                00015000   00001000  00000000  00001000  RWIX
  RAMGS10               00016000   00001000  00000000  00001000  RWIX
  RAMGS11               00017000   00001000  00000000  00001000  RWIX
  RAMGS12               00018000   00001000  00000000  00001000  RWIX
  RAMGS13               00019000   00001000  00000000  00001000  RWIX
  RAMGS14               0001a000   00001000  00000000  00001000  RWIX
  RAMGS15               0001b000   00000ff8  00000000  00000ff8  RWIX
  CPU2TOCPU1RAM         0003f800   00000400  00000000  00000400  RWIX
  CPU1TOCPU2RAM         0003fc00   00000400  00000000  00000400  RWIX
  CANA_MSG_RAM          00049000   00000800  00000000  00000800  RWIX
  CANB_MSG_RAM          0004b000   00000800  00000000  00000800  RWIX


SECTION ALLOCATION MAP

 output                                  attributes/
section   page    origin      length       input sections
--------  ----  ----------  ----------   ----------------
codestart 
*          0    00000000    00000002     
                  00000000    00000002     F2837xD_CodeStartBranch.obj (codestart)

.cinit     0    00000128    0000001c     
                  00000128    0000000a     (.cinit..data.load) [load image, compression = lzss]
                  00000132    00000006     (__TI_handler_table)
                  00000138    00000004     (.cinit..bss.load) [load image, compression = zero_init]
                  0000013c    00000008     (__TI_cinit_table)

.reset     0    003fffc0    00000000     DSECT

.stack     1    00000400    000003f8     UNINITIALIZED
                  00000400    000003f8     --HOLE--

.bss       1    0000aa1c    0000005c     UNINITIALIZED
                  0000aa1c    00000002     coolingproj_4ch_epwm.obj (.bss:rData)
                  0000aa1e    00000002     coolingproj_4ch_epwm.obj (.bss:sData)
                  0000aa20    00000020     --HOLE--
                  0000aa40    00000038     coolingproj_4ch_epwm.obj (.bss)

.init_array 
*          0    00000123    00000000     UNINITIALIZED

.const     1    0000a800    0000021b     
                  0000a800    000000bc     driverlib_eabi.lib : gpio.obj (.const:.string)
                  0000a8bc    0000008e     coolingproj_4ch_epwm.obj (.const:.string)
                  0000a94a    00000060     driverlib_eabi.lib : sysctl.obj (.const:.string)
                  0000a9aa    0000005d                        : spi.obj (.const:.string)
                  0000aa07    00000001     --HOLE-- [fill = 0]
                  0000aa08    00000013     device.obj (.const:.string)

.data      1    0000aa78    00000011     UNINITIALIZED
                  0000aa78    00000006     device.obj (.data)
                  0000aa7e    00000002     rts2800_fpu32_eabi.lib : _lock.c.obj (.data:_lock)
                  0000aa80    00000006                            : exit.c.obj (.data)
                  0000aa86    00000002                            : _lock.c.obj (.data:_unlock)
                  0000aa88    00000001     coolingproj_4ch_epwm.obj (.data)

.TI.ramfunc 
*          0    00000123    00000004     
                  00000123    00000004     driverlib_eabi.lib : sysctl.obj (.TI.ramfunc)

GETBUFFER 
*          0    0003f800    00000000     DSECT

GETWRITEIDX 
*          0    0003f800    00000000     DSECT

PUTREADIDX 
*          0    0003f800    00000000     DSECT

.text.1    0    00008000    00000800     
                  00008000    0000024f     device.obj (.text)
                  0000824f    0000021f     driverlib_eabi.lib : sysctl.obj (.text:SysCtl_setClock)
                  0000846e    00000088     rts2800_fpu32_eabi.lib : fs_div28.asm.obj (.text)
                  000084f6    00000068     driverlib_eabi.lib : sysctl.obj (.text:SysCtl_getDeviceParametric)
                  0000855e    0000005e                        : sysctl.obj (.text:SysCtl_selectOscSource)
                  000085bc    0000005c                        : spi.obj (.text:SPI_setConfig)
                  00008618    00000052                        : gpio.obj (.text:GPIO_setPadConfig)
                  0000866a    00000051                        : sysctl.obj (.text:SysCtl_getClock)
                  000086bb    00000038                        : gpio.obj (.text:GPIO_setMasterCore)
                  000086f3    00000038                        : gpio.obj (.text:GPIO_setQualificationMode)
                  0000872b    00000037                        : gpio.obj (.text:GPIO_setPinConfig)
                  00008762    00000036                        : spi.obj (.text:SPI_clearInterruptStatus)
                  00008798    00000031     rts2800_fpu32_eabi.lib : copy_decompress_lzss.c.obj (.text:decompress:lzss)
                  000087c9    0000002f     driverlib_eabi.lib : spi.obj (.text:SPI_enableInterrupt)
                  000087f8    00000008     rts2800_fpu32_eabi.lib : copy_decompress_none.c.obj (.text:decompress:none)

.text.2    0    00008800    00000130     
                  00008800    0000002b     rts2800_fpu32_eabi.lib : autoinit.c.obj (.text:__TI_auto_init_nobinit_nopinit)
                  0000882b    00000029                            : exit.c.obj (.text)
                  00008854    00000020     driverlib_eabi.lib : interrupt.obj (.text:Interrupt_initVectorTable)
                  00008874    0000001d     rts2800_fpu32_eabi.lib : memcpy.c.obj (.text)
                  00008891    0000001a     driverlib_eabi.lib : spi.obj (.text:SPI_isBaseValid)
                  000088ab    0000001a                        : sysctl.obj (.text:SysCtl_getLowSpeedClock)
                  000088c5    00000017     rts2800_fpu32_eabi.lib : boot28.asm.obj (.text)
                  000088dc    0000000e     driverlib_eabi.lib : interrupt.obj (.text:Interrupt_defaultHandler)
                  000088ea    0000000d                        : interrupt.obj (.text:Interrupt_disableMaster)
                  000088f7    0000000d     rts2800_fpu32_eabi.lib : copy_zero_init.c.obj (.text:decompress:ZI:__TI_zero_init_nomemset)
                  00008904    0000000c                            : args_main.c.obj (.text)
                  00008910    0000000b     driverlib_eabi.lib : sysctl.obj (.text:SysCtl_isMCDClockFailureDetected)
                  0000891b    00000009                        : sysctl.obj (.text:SysCtl_serviceWatchdog)
                  00008924    00000009     rts2800_fpu32_eabi.lib : _lock.c.obj (.text)
                  0000892d    00000002                            : pre_init.c.obj (.text)
                  0000892f    00000001                            : startup.c.obj (.text)

.text.3    0    0000b000    00000800     
                  0000b000    0000065d     coolingproj_4ch_epwm.obj (.text)
                  0000b65d    00000154     coolingproj_4ch_epwm.obj (.text:retain)
                  0000b7b1    0000003d     driverlib_eabi.lib : interrupt.obj (.text:Interrupt_initModule)
                  0000b7ee    0000000e                        : gpio.obj (.text:GPIO_isPinValid)
                  0000b7fc    00000002                        : interrupt.obj (.text:Interrupt_illegalOperationHandler)
                  0000b7fe    00000002                        : interrupt.obj (.text:Interrupt_nmiHandler)

MODULE SUMMARY

       Module                        code   ro data   rw data
       ------                        ----   -------   -------
    .\
       coolingproj_4ch_epwm.obj      1969   142       61     
    +--+-----------------------------+------+---------+---------+
       Total:                        1969   142       61     
                                                             
    .\device\
       device.obj                    591    19        6      
       F2837xD_CodeStartBranch.obj   2      0         0      
    +--+-----------------------------+------+---------+---------+
       Total:                        593    19        6      
                                                             
    C:\ti\C2000Ware_3_02_00_00_Software\driverlib\f2837xd\driverlib\ccs\Debug\driverlib_eabi.lib
       sysctl.obj                    872    96        0      
       gpio.obj                      263    188       0      
       spi.obj                       219    93        0      
       interrupt.obj                 124    0         0      
    +--+-----------------------------+------+---------+---------+
       Total:                        1478   377       0      
                                                             
    C:\ti\ccs1010\ccs\tools\compiler\ti-cgt-c2000_20.2.1.LTS\lib\rts2800_fpu32_eabi.lib
       fs_div28.asm.obj              136    0         0      
       copy_decompress_lzss.c.obj    49     0         0      
       exit.c.obj                    41     0         6      
       autoinit.c.obj                43     0         0      
       memcpy.c.obj                  29     0         0      
       boot28.asm.obj                23     0         0      
       _lock.c.obj                   9      0         4      
       copy_zero_init.c.obj          13     0         0      
       args_main.c.obj               12     0         0      
       copy_decompress_none.c.obj    8      0         0      
       pre_init.c.obj                2      0         0      
       startup.c.obj                 1      0         0      
    +--+-----------------------------+------+---------+---------+
       Total:                        366    0         10     
                                                             
       Stack:                        0      0         1016   
       Linker Generated:             0      28        0      
    +--+-----------------------------+------+---------+---------+
       Grand Total:                  4406   566       1093   


LINKER GENERATED COPY TABLES

__TI_cinit_table @ 0000013c records: 2, size/record: 4, table size: 8
	.data: load addr=00000128, load size=0000000a bytes, run addr=0000aa78, run size=00000011 bytes, compression=lzss
	.bss: load addr=00000138, load size=00000004 bytes, run addr=0000aa1c, run size=0000005c bytes, compression=zero_init


LINKER GENERATED HANDLER TABLE

__TI_handler_table @ 00000132 records: 3, size/record: 2, table size: 6
	index: 0, handler: __TI_zero_init
	index: 1, handler: __TI_decompress_lzss
	index: 2, handler: __TI_decompress_none


GLOBAL DATA SYMBOLS: SORTED BY DATA PAGE

address     data page           name
--------    ----------------    ----
00000400      10 (00000400)     __stack

0000aa1c     2a8 (0000aa00)     rData
0000aa1e     2a8 (0000aa00)     sData

0000aa40     2a9 (0000aa40)     epwm1Info
0000aa4e     2a9 (0000aa40)     epwm2Info
0000aa5c     2a9 (0000aa40)     epwm3Info
0000aa6a     2a9 (0000aa40)     epwm4Info
0000aa78     2a9 (0000aa40)     Example_Result
0000aa7a     2a9 (0000aa40)     Example_PassCount
0000aa7c     2a9 (0000aa40)     Example_Fail
0000aa7e     2a9 (0000aa40)     _lock

0000aa80     2aa (0000aa80)     __TI_enable_exit_profile_output
0000aa82     2aa (0000aa80)     __TI_cleanup_ptr
0000aa84     2aa (0000aa80)     __TI_dtors_ptr
0000aa86     2aa (0000aa80)     _unlock
0000aa88     2aa (0000aa80)     rDataPoint


GLOBAL SYMBOLS: SORTED ALPHABETICALLY BY Name 

page  address   name                                     
----  -------   ----                                     
0     0000882b  C$$EXIT                                  
0     0000820c  Device_configureTMXAnalogTrim            
0     000080b0  Device_enableAllPeripherals              
0     000081f6  Device_enableUnbondedGPIOPullups         
0     000081d3  Device_enableUnbondedGPIOPullupsFor100Pin
0     000081bc  Device_enableUnbondedGPIOPullupsFor176Pin
0     0000806e  Device_init                              
0     0000819b  Device_initGPIO                          
1     0000aa7c  Example_Fail                             
1     0000aa7a  Example_PassCount                        
1     0000aa78  Example_Result                           
0     0000824e  Example_done                             
0     00008249  Example_setResultFail                    
0     00008244  Example_setResultPass                    
0     000086bb  GPIO_setMasterCore                       
0     00008618  GPIO_setPadConfig                        
0     0000872b  GPIO_setPinConfig                        
0     000086f3  GPIO_setQualificationMode                
0     0000b596  InitEPWMInfox                            
0     0000b7b1  Interrupt_initModule                     
0     00008854  Interrupt_initVectorTable                
0     00008762  SPI_clearInterruptStatus                 
0     000087c9  SPI_enableInterrupt                      
0     000085bc  SPI_setConfig                            
0     00000123  SysCtl_delay                             
0     0000866a  SysCtl_getClock                          
0     000084f6  SysCtl_getDeviceParametric               
0     000088ab  SysCtl_getLowSpeedClock                  
0     0000855e  SysCtl_selectOscSource                   
0     0000824f  SysCtl_setClock                          
0     0000013c  __TI_CINIT_Base                          
0     00000144  __TI_CINIT_Limit                         
0     00000132  __TI_Handler_Table_Base                  
0     00000138  __TI_Handler_Table_Limit                 
1     000007f8  __TI_STACK_END                           
abs   000003f8  __TI_STACK_SIZE                          
0     00008800  __TI_auto_init_nobinit_nopinit           
1     0000aa82  __TI_cleanup_ptr                         
0     00008798  __TI_decompress_lzss                     
0     000087f8  __TI_decompress_none                     
1     0000aa84  __TI_dtors_ptr                           
1     0000aa80  __TI_enable_exit_profile_output          
abs   ffffffff  __TI_pprof_out_hndl                      
abs   ffffffff  __TI_prof_data_size                      
abs   ffffffff  __TI_prof_data_start                     
0     000088f7  __TI_zero_init_nomemset                  
0     0000846e  __c28xabi_divf                           
n/a   UNDEFED   __c_args__                               
0     0000823d  __error__                                
1     00000400  __stack                                  
0     00008904  _args_main                               
0     000088c5  _c_int00                                 
1     0000aa7e  _lock                                    
0     0000892c  _nop                                     
0     00008928  _register_lock                           
0     00008924  _register_unlock                         
0     0000892f  _system_post_cinit                       
0     0000892d  _system_pre_init                         
1     0000aa86  _unlock                                  
0     0000882b  abort                                    
0     00000000  code_start                               
0     0000b468  configGPIOs                              
0     0000b65d  epwm1ISR                                 
1     0000aa40  epwm1Info                                
0     0000b6b0  epwm2ISR                                 
1     0000aa4e  epwm2Info                                
0     0000b6e3  epwm3ISR                                 
1     0000aa5c  epwm3Info                                
0     0000b716  epwm4ISR                                 
1     0000aa6a  epwm4Info                                
0     0000882d  exit                                     
0     0000b537  initEPWM                                 
0     0000b5f1  initSPIA                                 
0     0000b634  initSPIB                                 
0     0000b37c  main                                     
0     00008874  memcpy                                   
1     0000aa1c  rData                                    
1     0000aa88  rDataPoint                               
1     0000aa1e  sData                                    
0     0000b749  spiRxFIFOISR                             


GLOBAL SYMBOLS: SORTED BY Symbol Address 

page  address   name                                     
----  -------   ----                                     
0     00000000  code_start                               
0     00000123  SysCtl_delay                             
0     00000132  __TI_Handler_Table_Base                  
0     00000138  __TI_Handler_Table_Limit                 
0     0000013c  __TI_CINIT_Base                          
0     00000144  __TI_CINIT_Limit                         
0     0000806e  Device_init                              
0     000080b0  Device_enableAllPeripherals              
0     0000819b  Device_initGPIO                          
0     000081bc  Device_enableUnbondedGPIOPullupsFor176Pin
0     000081d3  Device_enableUnbondedGPIOPullupsFor100Pin
0     000081f6  Device_enableUnbondedGPIOPullups         
0     0000820c  Device_configureTMXAnalogTrim            
0     0000823d  __error__                                
0     00008244  Example_setResultPass                    
0     00008249  Example_setResultFail                    
0     0000824e  Example_done                             
0     0000824f  SysCtl_setClock                          
0     0000846e  __c28xabi_divf                           
0     000084f6  SysCtl_getDeviceParametric               
0     0000855e  SysCtl_selectOscSource                   
0     000085bc  SPI_setConfig                            
0     00008618  GPIO_setPadConfig                        
0     0000866a  SysCtl_getClock                          
0     000086bb  GPIO_setMasterCore                       
0     000086f3  GPIO_setQualificationMode                
0     0000872b  GPIO_setPinConfig                        
0     00008762  SPI_clearInterruptStatus                 
0     00008798  __TI_decompress_lzss                     
0     000087c9  SPI_enableInterrupt                      
0     000087f8  __TI_decompress_none                     
0     00008800  __TI_auto_init_nobinit_nopinit           
0     0000882b  C$$EXIT                                  
0     0000882b  abort                                    
0     0000882d  exit                                     
0     00008854  Interrupt_initVectorTable                
0     00008874  memcpy                                   
0     000088ab  SysCtl_getLowSpeedClock                  
0     000088c5  _c_int00                                 
0     000088f7  __TI_zero_init_nomemset                  
0     00008904  _args_main                               
0     00008924  _register_unlock                         
0     00008928  _register_lock                           
0     0000892c  _nop                                     
0     0000892d  _system_pre_init                         
0     0000892f  _system_post_cinit                       
0     0000b37c  main                                     
0     0000b468  configGPIOs                              
0     0000b537  initEPWM                                 
0     0000b596  InitEPWMInfox                            
0     0000b5f1  initSPIA                                 
0     0000b634  initSPIB                                 
0     0000b65d  epwm1ISR                                 
0     0000b6b0  epwm2ISR                                 
0     0000b6e3  epwm3ISR                                 
0     0000b716  epwm4ISR                                 
0     0000b749  spiRxFIFOISR                             
0     0000b7b1  Interrupt_initModule                     
1     00000400  __stack                                  
1     000007f8  __TI_STACK_END                           
1     0000aa1c  rData                                    
1     0000aa1e  sData                                    
1     0000aa40  epwm1Info                                
1     0000aa4e  epwm2Info                                
1     0000aa5c  epwm3Info                                
1     0000aa6a  epwm4Info                                
1     0000aa78  Example_Result                           
1     0000aa7a  Example_PassCount                        
1     0000aa7c  Example_Fail                             
1     0000aa7e  _lock                                    
1     0000aa80  __TI_enable_exit_profile_output          
1     0000aa82  __TI_cleanup_ptr                         
1     0000aa84  __TI_dtors_ptr                           
1     0000aa86  _unlock                                  
1     0000aa88  rDataPoint                               
abs   000003f8  __TI_STACK_SIZE                          
abs   ffffffff  __TI_pprof_out_hndl                      
abs   ffffffff  __TI_prof_data_size                      
abs   ffffffff  __TI_prof_data_start                     
n/a   UNDEFED   __c_args__                               

[80 symbols]
