******************************************************************************
             TMS320C2000 Linker PC v20.2.1                     
******************************************************************************
>> Linked Fri Sep 25 00:22:05 2020

OUTPUT FILE NAME:   <CoolingProj_v2.out>
ENTRY POINT SYMBOL: "code_start"  address: 00000000


MEMORY CONFIGURATION

         name            origin    length      used     unused   attr    fill
----------------------  --------  ---------  --------  --------  ----  --------
PAGE 0:
  BEGIN                 00000000   00000002  00000002  00000000  RWIX
  RAMM0                 00000123   000002dd  00000024  000002b9  RWIX
  RAMLS0                00008000   00000800  00000800  00000000  RWIX
  RAMLS1                00008800   00000800  00000154  000006ac  RWIX
  RAMLS2                00009000   00000800  00000000  00000800  RWIX
  RAMLS3                00009800   00000800  00000000  00000800  RWIX
  RAMLS4                0000a000   00000800  00000000  00000800  RWIX
  RAMD0                 0000b000   00000800  00000800  00000000  RWIX
  RESET                 003fffc0   00000002  00000000  00000002  RWIX

PAGE 1:
  BOOT_RSVD             00000002   00000121  00000000  00000121  RWIX
  RAMM1                 00000400   000003f8  000003f8  00000000  RWIX
  RAMLS5                0000a800   00000800  0000028d  00000573  RWIX
  RAMD1                 0000b800   00000800  00000000  00000800  RWIX
  RAMGS0                0000c000   00001000  00000000  00001000  RWIX
  RAMGS1                0000d000   00001000  00000000  00001000  RWIX
  RAMGS2                0000e000   00001000  00000000  00001000  RWIX
  RAMGS3                0000f000   00001000  00000000  00001000  RWIX
  RAMGS4                00010000   00001000  00000000  00001000  RWIX
  RAMGS5                00011000   00001000  00000000  00001000  RWIX
  RAMGS6                00012000   00001000  00000000  00001000  RWIX
  RAMGS7                00013000   00001000  00000000  00001000  RWIX
  RAMGS8                00014000   00001000  00000000  00001000  RWIX
  RAMGS9                00015000   00001000  00000000  00001000  RWIX
  RAMGS10               00016000   00001000  00000000  00001000  RWIX
  RAMGS11               00017000   00001000  00000000  00001000  RWIX
  RAMGS12               00018000   00001000  00000000  00001000  RWIX
  RAMGS13               00019000   00001000  00000000  00001000  RWIX
  RAMGS14               0001a000   00001000  00000000  00001000  RWIX
  RAMGS15               0001b000   00000ff8  00000000  00000ff8  RWIX
  CPU2TOCPU1RAM         0003f800   00000400  00000000  00000400  RWIX
  CPU1TOCPU2RAM         0003fc00   00000400  00000000  00000400  RWIX
  CANA_MSG_RAM          00049000   00000800  00000000  00000800  RWIX
  CANB_MSG_RAM          0004b000   00000800  00000000  00000800  RWIX


SECTION ALLOCATION MAP

 output                                  attributes/
section   page    origin      length       input sections
--------  ----  ----------  ----------   ----------------
codestart 
*          0    00000000    00000002     
                  00000000    00000002     F2837xD_CodeStartBranch.obj (codestart)

.cinit     0    00000128    00000020     
                  00000128    0000000b     (.cinit..data.load) [load image, compression = lzss]
                  00000133    00000001     --HOLE-- [fill = 0]
                  00000134    00000006     (__TI_handler_table)
                  0000013a    00000004     (.cinit..bss.load) [load image, compression = zero_init]
                  0000013e    00000002     --HOLE-- [fill = 0]
                  00000140    00000008     (__TI_cinit_table)

.reset     0    003fffc0    00000000     DSECT

.stack     1    00000400    000003f8     UNINITIALIZED
                  00000400    000003f8     --HOLE--

.bss       1    0000aa1c    0000005c     UNINITIALIZED
                  0000aa1c    00000002     coolingproj_4ch_epwm.obj (.bss:rData)
                  0000aa1e    00000002     coolingproj_4ch_epwm.obj (.bss:sData)
                  0000aa20    00000020     --HOLE--
                  0000aa40    00000038     coolingproj_4ch_epwm.obj (.bss)

.init_array 
*          0    00000123    00000000     UNINITIALIZED

.const     1    0000a800    0000021b     
                  0000a800    000000bc     driverlib_eabi.lib : gpio.obj (.const:.string)
                  0000a8bc    0000008e     coolingproj_4ch_epwm.obj (.const:.string)
                  0000a94a    00000060     driverlib_eabi.lib : sysctl.obj (.const:.string)
                  0000a9aa    0000005d                        : spi.obj (.const:.string)
                  0000aa07    00000001     --HOLE-- [fill = 0]
                  0000aa08    00000013     device.obj (.const:.string)

.data      1    0000aa78    00000016     UNINITIALIZED
                  0000aa78    00000006     coolingproj_4ch_epwm.obj (.data)
                  0000aa7e    00000002     rts2800_fpu32_eabi.lib : _lock.c.obj (.data:_lock)
                  0000aa80    00000006     device.obj (.data)
                  0000aa86    00000006     rts2800_fpu32_eabi.lib : exit.c.obj (.data)
                  0000aa8c    00000002                            : _lock.c.obj (.data:_unlock)

.TI.ramfunc 
*          0    00000123    00000004     
                  00000123    00000004     driverlib_eabi.lib : sysctl.obj (.TI.ramfunc)

GETBUFFER 
*          0    0003f800    00000000     DSECT

GETWRITEIDX 
*          0    0003f800    00000000     DSECT

PUTREADIDX 
*          0    0003f800    00000000     DSECT

.text.1    0    00008000    00000800     
                  00008000    0000024f     device.obj (.text)
                  0000824f    0000021f     driverlib_eabi.lib : sysctl.obj (.text:SysCtl_setClock)
                  0000846e    00000088     rts2800_fpu32_eabi.lib : fs_div28.asm.obj (.text)
                  000084f6    0000005e     driverlib_eabi.lib : sysctl.obj (.text:SysCtl_selectOscSource)
                  00008554    0000005c                        : spi.obj (.text:SPI_setConfig)
                  000085b0    00000052                        : gpio.obj (.text:GPIO_setPadConfig)
                  00008602    00000051                        : sysctl.obj (.text:SysCtl_getClock)
                  00008653    0000003d                        : interrupt.obj (.text:Interrupt_initModule)
                  00008690    00000038                        : gpio.obj (.text:GPIO_setMasterCore)
                  000086c8    00000038                        : gpio.obj (.text:GPIO_setQualificationMode)
                  00008700    00000037                        : gpio.obj (.text:GPIO_setPinConfig)
                  00008737    00000036                        : spi.obj (.text:SPI_clearInterruptStatus)
                  0000876d    00000034                        : interrupt.obj (.text:Interrupt_enable)
                  000087a1    00000031     rts2800_fpu32_eabi.lib : copy_decompress_lzss.c.obj (.text:decompress:lzss)
                  000087d2    0000002b                            : autoinit.c.obj (.text:__TI_auto_init_nobinit_nopinit)
                  000087fd    00000002                            : pre_init.c.obj (.text)
                  000087ff    00000001                            : startup.c.obj (.text)

.text.2    0    00008800    00000154     
                  00008800    0000002f     driverlib_eabi.lib : spi.obj (.text:SPI_enableInterrupt)
                  0000882f    00000029     rts2800_fpu32_eabi.lib : exit.c.obj (.text)
                  00008858    00000020     driverlib_eabi.lib : interrupt.obj (.text:Interrupt_initVectorTable)
                  00008878    0000001d     rts2800_fpu32_eabi.lib : memcpy.c.obj (.text)
                  00008895    0000001a     driverlib_eabi.lib : spi.obj (.text:SPI_isBaseValid)
                  000088af    0000001a                        : sysctl.obj (.text:SysCtl_getLowSpeedClock)
                  000088c9    00000017     rts2800_fpu32_eabi.lib : boot28.asm.obj (.text)
                  000088e0    0000000e     driverlib_eabi.lib : gpio.obj (.text:GPIO_isPinValid)
                  000088ee    0000000e                        : interrupt.obj (.text:Interrupt_defaultHandler)
                  000088fc    0000000d                        : interrupt.obj (.text:Interrupt_disableMaster)
                  00008909    0000000d                        : interrupt.obj (.text:Interrupt_enableMaster)
                  00008916    0000000d     rts2800_fpu32_eabi.lib : copy_zero_init.c.obj (.text:decompress:ZI:__TI_zero_init_nomemset)
                  00008923    0000000c                            : args_main.c.obj (.text)
                  0000892f    0000000b     driverlib_eabi.lib : sysctl.obj (.text:SysCtl_isMCDClockFailureDetected)
                  0000893a    00000009                        : sysctl.obj (.text:SysCtl_serviceWatchdog)
                  00008943    00000009     rts2800_fpu32_eabi.lib : _lock.c.obj (.text)
                  0000894c    00000008                            : copy_decompress_none.c.obj (.text:decompress:none)

.text.3    0    0000b000    00000800     
                  0000b000    00000680     coolingproj_4ch_epwm.obj (.text)
                  0000b680    00000114     coolingproj_4ch_epwm.obj (.text:retain)
                  0000b794    00000068     driverlib_eabi.lib : sysctl.obj (.text:SysCtl_getDeviceParametric)
                  0000b7fc    00000002                        : interrupt.obj (.text:Interrupt_illegalOperationHandler)
                  0000b7fe    00000002                        : interrupt.obj (.text:Interrupt_nmiHandler)

MODULE SUMMARY

       Module                        code   ro data   rw data
       ------                        ----   -------   -------
    .\
       coolingproj_4ch_epwm.obj      1940   142       66     
    +--+-----------------------------+------+---------+---------+
       Total:                        1940   142       66     
                                                             
    .\device\
       device.obj                    591    19        6      
       F2837xD_CodeStartBranch.obj   2      0         0      
    +--+-----------------------------+------+---------+---------+
       Total:                        593    19        6      
                                                             
    C:\ti\C2000Ware_3_02_00_00_Software\driverlib\f2837xd\driverlib\ccs\Debug\driverlib_eabi.lib
       sysctl.obj                    872    96        0      
       gpio.obj                      263    188       0      
       spi.obj                       219    93        0      
       interrupt.obj                 189    0         0      
    +--+-----------------------------+------+---------+---------+
       Total:                        1543   377       0      
                                                             
    C:\ti\ccs1010\ccs\tools\compiler\ti-cgt-c2000_20.2.1.LTS\lib\rts2800_fpu32_eabi.lib
       fs_div28.asm.obj              136    0         0      
       copy_decompress_lzss.c.obj    49     0         0      
       exit.c.obj                    41     0         6      
       autoinit.c.obj                43     0         0      
       memcpy.c.obj                  29     0         0      
       boot28.asm.obj                23     0         0      
       _lock.c.obj                   9      0         4      
       copy_zero_init.c.obj          13     0         0      
       args_main.c.obj               12     0         0      
       copy_decompress_none.c.obj    8      0         0      
       pre_init.c.obj                2      0         0      
       startup.c.obj                 1      0         0      
    +--+-----------------------------+------+---------+---------+
       Total:                        366    0         10     
                                                             
       Stack:                        0      0         1016   
       Linker Generated:             0      29        0      
    +--+-----------------------------+------+---------+---------+
       Grand Total:                  4442   567       1098   


LINKER GENERATED COPY TABLES

__TI_cinit_table @ 00000140 records: 2, size/record: 4, table size: 8
	.data: load addr=00000128, load size=0000000b bytes, run addr=0000aa78, run size=00000016 bytes, compression=lzss
	.bss: load addr=0000013a, load size=00000004 bytes, run addr=0000aa1c, run size=0000005c bytes, compression=zero_init


LINKER GENERATED HANDLER TABLE

__TI_handler_table @ 00000134 records: 3, size/record: 2, table size: 6
	index: 0, handler: __TI_zero_init
	index: 1, handler: __TI_decompress_lzss
	index: 2, handler: __TI_decompress_none


GLOBAL DATA SYMBOLS: SORTED BY DATA PAGE

address     data page           name
--------    ----------------    ----
00000400      10 (00000400)     __stack

0000aa1c     2a8 (0000aa00)     rData
0000aa1e     2a8 (0000aa00)     sData

0000aa40     2a9 (0000aa40)     epwm1Info
0000aa4e     2a9 (0000aa40)     epwm2Info
0000aa5c     2a9 (0000aa40)     epwm3Info
0000aa6a     2a9 (0000aa40)     epwm4Info
0000aa78     2a9 (0000aa40)     rDataPoint
0000aa79     2a9 (0000aa40)     highbyte
0000aa7a     2a9 (0000aa40)     lowbyte
0000aa7c     2a9 (0000aa40)     MrDataPoint
0000aa7e     2a9 (0000aa40)     _lock

0000aa80     2aa (0000aa80)     Example_Result
0000aa82     2aa (0000aa80)     Example_PassCount
0000aa84     2aa (0000aa80)     Example_Fail
0000aa86     2aa (0000aa80)     __TI_enable_exit_profile_output
0000aa88     2aa (0000aa80)     __TI_cleanup_ptr
0000aa8a     2aa (0000aa80)     __TI_dtors_ptr
0000aa8c     2aa (0000aa80)     _unlock


GLOBAL SYMBOLS: SORTED ALPHABETICALLY BY Name 

page  address   name                                     
----  -------   ----                                     
0     0000b476  ADCdataPros                              
0     0000882f  C$$EXIT                                  
0     0000820c  Device_configureTMXAnalogTrim            
0     000080b0  Device_enableAllPeripherals              
0     000081f6  Device_enableUnbondedGPIOPullups         
0     000081d3  Device_enableUnbondedGPIOPullupsFor100Pin
0     000081bc  Device_enableUnbondedGPIOPullupsFor176Pin
0     0000806e  Device_init                              
0     0000819b  Device_initGPIO                          
1     0000aa84  Example_Fail                             
1     0000aa82  Example_PassCount                        
1     0000aa80  Example_Result                           
0     0000824e  Example_done                             
0     00008249  Example_setResultFail                    
0     00008244  Example_setResultPass                    
0     00008690  GPIO_setMasterCore                       
0     000085b0  GPIO_setPadConfig                        
0     00008700  GPIO_setPinConfig                        
0     000086c8  GPIO_setQualificationMode                
0     0000b5b4  InitEPWMInfox                            
0     0000876d  Interrupt_enable                         
0     00008653  Interrupt_initModule                     
0     00008858  Interrupt_initVectorTable                
1     0000aa7c  MrDataPoint                              
0     00008737  SPI_clearInterruptStatus                 
0     00008800  SPI_enableInterrupt                      
0     00008554  SPI_setConfig                            
0     00000123  SysCtl_delay                             
0     00008602  SysCtl_getClock                          
0     0000b794  SysCtl_getDeviceParametric               
0     000088af  SysCtl_getLowSpeedClock                  
0     000084f6  SysCtl_selectOscSource                   
0     0000824f  SysCtl_setClock                          
0     00000140  __TI_CINIT_Base                          
0     00000148  __TI_CINIT_Limit                         
0     00000134  __TI_Handler_Table_Base                  
0     0000013a  __TI_Handler_Table_Limit                 
1     000007f8  __TI_STACK_END                           
abs   000003f8  __TI_STACK_SIZE                          
0     000087d2  __TI_auto_init_nobinit_nopinit           
1     0000aa88  __TI_cleanup_ptr                         
0     000087a1  __TI_decompress_lzss                     
0     0000894c  __TI_decompress_none                     
1     0000aa8a  __TI_dtors_ptr                           
1     0000aa86  __TI_enable_exit_profile_output          
abs   ffffffff  __TI_pprof_out_hndl                      
abs   ffffffff  __TI_prof_data_size                      
abs   ffffffff  __TI_prof_data_start                     
0     00008916  __TI_zero_init_nomemset                  
0     0000846e  __c28xabi_divf                           
n/a   UNDEFED   __c_args__                               
0     0000823d  __error__                                
1     00000400  __stack                                  
0     00008923  _args_main                               
0     000088c9  _c_int00                                 
1     0000aa7e  _lock                                    
0     0000894b  _nop                                     
0     00008947  _register_lock                           
0     00008943  _register_unlock                         
0     000087ff  _system_post_cinit                       
0     000087fd  _system_pre_init                         
1     0000aa8c  _unlock                                  
0     0000882f  abort                                    
0     00000000  code_start                               
0     0000b486  configGPIOs                              
0     0000b680  epwm1ISR                                 
1     0000aa40  epwm1Info                                
0     0000b6da  epwm2ISR                                 
1     0000aa4e  epwm2Info                                
0     0000b70d  epwm3ISR                                 
1     0000aa5c  epwm3Info                                
1     0000aa6a  epwm4Info                                
0     00008831  exit                                     
1     0000aa79  highbyte                                 
0     0000b555  initEPWM                                 
0     0000b60f  initSPIA                                 
0     0000b652  initSPIB                                 
1     0000aa7a  lowbyte                                  
0     0000b37c  main                                     
0     00008878  memcpy                                   
1     0000aa1c  rData                                    
1     0000aa78  rDataPoint                               
1     0000aa1e  sData                                    
0     0000b740  spiaRxFIFOISR                            


GLOBAL SYMBOLS: SORTED BY Symbol Address 

page  address   name                                     
----  -------   ----                                     
0     00000000  code_start                               
0     00000123  SysCtl_delay                             
0     00000134  __TI_Handler_Table_Base                  
0     0000013a  __TI_Handler_Table_Limit                 
0     00000140  __TI_CINIT_Base                          
0     00000148  __TI_CINIT_Limit                         
0     0000806e  Device_init                              
0     000080b0  Device_enableAllPeripherals              
0     0000819b  Device_initGPIO                          
0     000081bc  Device_enableUnbondedGPIOPullupsFor176Pin
0     000081d3  Device_enableUnbondedGPIOPullupsFor100Pin
0     000081f6  Device_enableUnbondedGPIOPullups         
0     0000820c  Device_configureTMXAnalogTrim            
0     0000823d  __error__                                
0     00008244  Example_setResultPass                    
0     00008249  Example_setResultFail                    
0     0000824e  Example_done                             
0     0000824f  SysCtl_setClock                          
0     0000846e  __c28xabi_divf                           
0     000084f6  SysCtl_selectOscSource                   
0     00008554  SPI_setConfig                            
0     000085b0  GPIO_setPadConfig                        
0     00008602  SysCtl_getClock                          
0     00008653  Interrupt_initModule                     
0     00008690  GPIO_setMasterCore                       
0     000086c8  GPIO_setQualificationMode                
0     00008700  GPIO_setPinConfig                        
0     00008737  SPI_clearInterruptStatus                 
0     0000876d  Interrupt_enable                         
0     000087a1  __TI_decompress_lzss                     
0     000087d2  __TI_auto_init_nobinit_nopinit           
0     000087fd  _system_pre_init                         
0     000087ff  _system_post_cinit                       
0     00008800  SPI_enableInterrupt                      
0     0000882f  C$$EXIT                                  
0     0000882f  abort                                    
0     00008831  exit                                     
0     00008858  Interrupt_initVectorTable                
0     00008878  memcpy                                   
0     000088af  SysCtl_getLowSpeedClock                  
0     000088c9  _c_int00                                 
0     00008916  __TI_zero_init_nomemset                  
0     00008923  _args_main                               
0     00008943  _register_unlock                         
0     00008947  _register_lock                           
0     0000894b  _nop                                     
0     0000894c  __TI_decompress_none                     
0     0000b37c  main                                     
0     0000b476  ADCdataPros                              
0     0000b486  configGPIOs                              
0     0000b555  initEPWM                                 
0     0000b5b4  InitEPWMInfox                            
0     0000b60f  initSPIA                                 
0     0000b652  initSPIB                                 
0     0000b680  epwm1ISR                                 
0     0000b6da  epwm2ISR                                 
0     0000b70d  epwm3ISR                                 
0     0000b740  spiaRxFIFOISR                            
0     0000b794  SysCtl_getDeviceParametric               
1     00000400  __stack                                  
1     000007f8  __TI_STACK_END                           
1     0000aa1c  rData                                    
1     0000aa1e  sData                                    
1     0000aa40  epwm1Info                                
1     0000aa4e  epwm2Info                                
1     0000aa5c  epwm3Info                                
1     0000aa6a  epwm4Info                                
1     0000aa78  rDataPoint                               
1     0000aa79  highbyte                                 
1     0000aa7a  lowbyte                                  
1     0000aa7c  MrDataPoint                              
1     0000aa7e  _lock                                    
1     0000aa80  Example_Result                           
1     0000aa82  Example_PassCount                        
1     0000aa84  Example_Fail                             
1     0000aa86  __TI_enable_exit_profile_output          
1     0000aa88  __TI_cleanup_ptr                         
1     0000aa8a  __TI_dtors_ptr                           
1     0000aa8c  _unlock                                  
abs   000003f8  __TI_STACK_SIZE                          
abs   ffffffff  __TI_pprof_out_hndl                      
abs   ffffffff  __TI_prof_data_size                      
abs   ffffffff  __TI_prof_data_start                     
n/a   UNDEFED   __c_args__                               

[84 symbols]
