******************************************************************************
             TMS320C2000 Linker PC v20.2.1                     
******************************************************************************
>> Linked Fri Oct 16 12:29:33 2020

OUTPUT FILE NAME:   <CoolingProj_v2.out>
ENTRY POINT SYMBOL: "code_start"  address: 00080000


MEMORY CONFIGURATION

         name            origin    length      used     unused   attr    fill
----------------------  --------  ---------  --------  --------  ----  --------
PAGE 0:
  RAMM0                 00000123   000002dd  00000000  000002dd  RWIX
  RAMLS0                00008000   00000800  0000012f  000006d1  RWIX
  RAMLS1                00008800   00000800  00000000  00000800  RWIX
  RAMLS2                00009000   00000800  00000000  00000800  RWIX
  RAMLS3                00009800   00000800  00000000  00000800  RWIX
  RAMLS4                0000a000   00000800  00000000  00000800  RWIX
  RAMD0                 0000b000   00000800  00000000  00000800  RWIX
  RAMGS14               0001a000   00001000  00000000  00001000  RWIX
  RAMGS15               0001b000   00000ff8  00000000  00000ff8  RWIX
  BEGIN                 00080000   00000002  00000002  00000000  RWIX
  FLASHA                00080002   00001ffe  00000000  00001ffe  RWIX
  FLASHB                00082000   00002000  00001212  00000dee  RWIX
  FLASHC                00084000   00002000  00000000  00002000  RWIX
  FLASHD                00086000   00002000  0000012f  00001ed1  RWIX
  FLASHE                00088000   00008000  00000000  00008000  RWIX
  FLASHF                00090000   00008000  000002db  00007d25  RWIX
  FLASHG                00098000   00008000  00000000  00008000  RWIX
  FLASHH                000a0000   00008000  00000000  00008000  RWIX
  FLASHI                000a8000   00008000  00000000  00008000  RWIX
  FLASHJ                000b0000   00008000  00000000  00008000  RWIX
  FLASHK                000b8000   00002000  00000000  00002000  RWIX
  FLASHL                000ba000   00002000  00000000  00002000  RWIX
  FLASHM                000bc000   00002000  00000000  00002000  RWIX
  FLASHN                000be000   00001ff0  00000000  00001ff0  RWIX
  RESET                 003fffc0   00000002  00000000  00000002  RWIX

PAGE 1:
  BOOT_RSVD             00000002   00000121  00000000  00000121  RWIX
  RAMM1                 00000400   000003f8  000003f8  00000000  RWIX
  RAMLS5                0000a800   00000800  00000056  000007aa  RWIX
  RAMD1                 0000b800   00000800  00000000  00000800  RWIX
  RAMGS0                0000c000   00001000  00000000  00001000  RWIX
  RAMGS1                0000d000   00001000  00000000  00001000  RWIX
  RAMGS2                0000e000   00001000  00000000  00001000  RWIX
  RAMGS3                0000f000   00001000  00000000  00001000  RWIX
  RAMGS4                00010000   00001000  00000000  00001000  RWIX
  RAMGS5                00011000   00001000  00000000  00001000  RWIX
  RAMGS6                00012000   00001000  00000000  00001000  RWIX
  RAMGS7                00013000   00001000  00000000  00001000  RWIX
  RAMGS8                00014000   00001000  00000000  00001000  RWIX
  RAMGS9                00015000   00001000  00000000  00001000  RWIX
  RAMGS10               00016000   00001000  00000000  00001000  RWIX
  RAMGS11               00017000   00001000  00000000  00001000  RWIX
  RAMGS12               00018000   00001000  00000000  00001000  RWIX
  RAMGS13               00019000   00001000  00000000  00001000  RWIX
  CPU2TOCPU1RAM         0003f800   00000400  00000000  00000400  RWIX
  CPU1TOCPU2RAM         0003fc00   00000400  00000000  00000400  RWIX


SECTION ALLOCATION MAP

 output                                  attributes/
section   page    origin      length       input sections
--------  ----  ----------  ----------   ----------------
codestart 
*          0    00080000    00000002     
                  00080000    00000002     F2837xD_CodeStartBranch.obj (codestart)

.cinit     0    000831f8    00000020     
                  000831f8    0000000b     (.cinit..data.load) [load image, compression = lzss]
                  00083203    00000001     --HOLE-- [fill = 0]
                  00083204    00000006     (__TI_handler_table)
                  0008320a    00000004     (.cinit..bss.load) [load image, compression = zero_init]
                  0008320e    00000002     --HOLE-- [fill = 0]
                  00083210    00000008     (__TI_cinit_table)

.stack     1    00000400    000003f8     UNINITIALIZED
                  00000400    000003f8     --HOLE--

.reset     0    003fffc0    00000000     DSECT

.init_array 
*          0    00082000    00000000     UNINITIALIZED

.bss       1    0000a800    00000044     UNINITIALIZED
                  0000a800    00000040     coolingproj_4ch_epwm.obj (.bss)
                  0000a840    00000002     coolingproj_4ch_epwm.obj (.bss:rData)
                  0000a842    00000002     coolingproj_4ch_epwm.obj (.bss:sData)

.data      1    0000a844    00000012     UNINITIALIZED
                  0000a844    00000006     device.obj (.data)
                  0000a84a    00000006     rts2800_fpu32_eabi.lib : exit.c.obj (.data)
                  0000a850    00000002                            : _lock.c.obj (.data:_lock)
                  0000a852    00000002                            : _lock.c.obj (.data:_unlock)
                  0000a854    00000002     coolingproj_4ch_epwm.obj (.data)

.const     0    00090000    000002db     
                  00090000    000000bf     driverlib_eabi.lib : flash.obj (.const:.string)
                  000900bf    00000001     --HOLE-- [fill = 0]
                  000900c0    000000bc                        : gpio.obj (.const:.string)
                  0009017c    0000008e     coolingproj_4ch_epwm.obj (.const:.string)
                  0009020a    00000060     driverlib_eabi.lib : sysctl.obj (.const:.string)
                  0009026a    0000005d                        : spi.obj (.const:.string)
                  000902c7    00000001     --HOLE-- [fill = 0]
                  000902c8    00000013     device.obj (.const:.string)

.TI.ramfunc 
*          0    00086000    0000012f     RUN ADDR = 00008000
                  00086000    00000043     driverlib_eabi.lib : flash.obj (.TI.ramfunc:Flash_initModule)
                  00086043    0000002d                        : flash.obj (.TI.ramfunc:Flash_setBankPowerMode)
                  00086070    00000026                        : flash.obj (.TI.ramfunc:Flash_setWaitstates)
                  00086096    0000001e                        : flash.obj (.TI.ramfunc:Flash_setPumpPowerMode)
                  000860b4    00000018                        : flash.obj (.TI.ramfunc:Flash_disableCache)
                  000860cc    00000018                        : flash.obj (.TI.ramfunc:Flash_disablePrefetch)
                  000860e4    00000018                        : flash.obj (.TI.ramfunc:Flash_enableCache)
                  000860fc    00000018                        : flash.obj (.TI.ramfunc:Flash_enablePrefetch)
                  00086114    00000017                        : flash.obj (.TI.ramfunc:Flash_enableECC)
                  0008612b    00000004                        : sysctl.obj (.TI.ramfunc)

GETBUFFER 
*          0    0003f800    00000000     DSECT

GETWRITEIDX 
*          0    0003f800    00000000     DSECT

PUTREADIDX 
*          0    0003f800    00000000     DSECT

.text      0    00082000    000011f2     
                  00082000    000006b2     coolingproj_4ch_epwm.obj (.text)
                  000826b2    0000024e     device.obj (.text)
                  00082900    0000021f     driverlib_eabi.lib : sysctl.obj (.text:SysCtl_setClock)
                  00082b1f    00000139     coolingproj_4ch_epwm.obj (.text:retain)
                  00082c58    00000088     rts2800_fpu32_eabi.lib : fs_div28.asm.obj (.text)
                  00082ce0    00000068     driverlib_eabi.lib : sysctl.obj (.text:SysCtl_getDeviceParametric)
                  00082d48    0000005e                        : sysctl.obj (.text:SysCtl_selectOscSource)
                  00082da6    0000005c                        : spi.obj (.text:SPI_setConfig)
                  00082e02    00000052                        : gpio.obj (.text:GPIO_setPadConfig)
                  00082e54    00000051                        : sysctl.obj (.text:SysCtl_getClock)
                  00082ea5    0000003d                        : interrupt.obj (.text:Interrupt_initModule)
                  00082ee2    00000038                        : gpio.obj (.text:GPIO_setMasterCore)
                  00082f1a    00000038                        : gpio.obj (.text:GPIO_setQualificationMode)
                  00082f52    00000037                        : gpio.obj (.text:GPIO_setPinConfig)
                  00082f89    00000036                        : spi.obj (.text:SPI_clearInterruptStatus)
                  00082fbf    00000034                        : interrupt.obj (.text:Interrupt_enable)
                  00082ff3    00000031     rts2800_fpu32_eabi.lib : copy_decompress_lzss.c.obj (.text:decompress:lzss)
                  00083024    0000002f     driverlib_eabi.lib : spi.obj (.text:SPI_enableInterrupt)
                  00083053    0000002b     rts2800_fpu32_eabi.lib : autoinit.c.obj (.text:__TI_auto_init_nobinit_nopinit)
                  0008307e    00000029                            : exit.c.obj (.text)
                  000830a7    00000028     driverlib_eabi.lib : flash.obj (.text:Flash_setBankPowerUpDelay)
                  000830cf    00000020                        : interrupt.obj (.text:Interrupt_initVectorTable)
                  000830ef    0000001d     rts2800_fpu32_eabi.lib : memcpy.c.obj (.text)
                  0008310c    0000001a     driverlib_eabi.lib : spi.obj (.text:SPI_isBaseValid)
                  00083126    0000001a                        : sysctl.obj (.text:SysCtl_getLowSpeedClock)
                  00083140    00000017     rts2800_fpu32_eabi.lib : boot28.asm.obj (.text)
                  00083157    00000010     driverlib_eabi.lib : flash.obj (.text:Flash_isCtrlBaseValid)
                  00083167    00000010                        : flash.obj (.text:Flash_isECCBaseValid)
                  00083177    0000000e                        : gpio.obj (.text:GPIO_isPinValid)
                  00083185    0000000e                        : interrupt.obj (.text:Interrupt_defaultHandler)
                  00083193    0000000d                        : interrupt.obj (.text:Interrupt_disableMaster)
                  000831a0    0000000d                        : interrupt.obj (.text:Interrupt_enableMaster)
                  000831ad    0000000d     rts2800_fpu32_eabi.lib : copy_zero_init.c.obj (.text:decompress:ZI:__TI_zero_init_nomemset)
                  000831ba    0000000c                            : args_main.c.obj (.text)
                  000831c6    0000000b     driverlib_eabi.lib : sysctl.obj (.text:SysCtl_isMCDClockFailureDetected)
                  000831d1    00000009                        : sysctl.obj (.text:SysCtl_serviceWatchdog)
                  000831da    00000009     rts2800_fpu32_eabi.lib : _lock.c.obj (.text)
                  000831e3    00000008                            : copy_decompress_none.c.obj (.text:decompress:none)
                  000831eb    00000002     driverlib_eabi.lib : interrupt.obj (.text:Interrupt_illegalOperationHandler)
                  000831ed    00000002                        : interrupt.obj (.text:Interrupt_nmiHandler)
                  000831ef    00000002     rts2800_fpu32_eabi.lib : pre_init.c.obj (.text)
                  000831f1    00000001                            : startup.c.obj (.text)

MODULE SUMMARY

       Module                        code   ro data   rw data
       ------                        ----   -------   -------
    .\
       coolingproj_4ch_epwm.obj      2027   142       70     
    +--+-----------------------------+------+---------+---------+
       Total:                        2027   142       70     
                                                             
    .\device\
       device.obj                    590    19        6      
       F2837xD_CodeStartBranch.obj   2      0         0      
    +--+-----------------------------+------+---------+---------+
       Total:                        592    19        6      
                                                             
    C:\ti\C2000Ware_3_02_00_00_Software\driverlib\f2837xd\driverlib\ccs\Debug\driverlib_eabi.lib
       sysctl.obj                    876    96        0      
       flash.obj                     670    191       0      
       gpio.obj                      263    188       0      
       spi.obj                       219    93        0      
       interrupt.obj                 189    0         0      
    +--+-----------------------------+------+---------+---------+
       Total:                        2217   568       0      
                                                             
    C:\ti\ccs1010\ccs\tools\compiler\ti-cgt-c2000_20.2.1.LTS\lib\rts2800_fpu32_eabi.lib
       fs_div28.asm.obj              136    0         0      
       copy_decompress_lzss.c.obj    49     0         0      
       exit.c.obj                    41     0         6      
       autoinit.c.obj                43     0         0      
       memcpy.c.obj                  29     0         0      
       boot28.asm.obj                23     0         0      
       _lock.c.obj                   9      0         4      
       copy_zero_init.c.obj          13     0         0      
       args_main.c.obj               12     0         0      
       copy_decompress_none.c.obj    8      0         0      
       pre_init.c.obj                2      0         0      
       startup.c.obj                 1      0         0      
    +--+-----------------------------+------+---------+---------+
       Total:                        366    0         10     
                                                             
       Stack:                        0      0         1016   
       Linker Generated:             0      29        0      
    +--+-----------------------------+------+---------+---------+
       Grand Total:                  5202   758       1102   


LINKER GENERATED COPY TABLES

__TI_cinit_table @ 00083210 records: 2, size/record: 4, table size: 8
	.data: load addr=000831f8, load size=0000000b bytes, run addr=0000a844, run size=00000012 bytes, compression=lzss
	.bss: load addr=0008320a, load size=00000004 bytes, run addr=0000a800, run size=00000044 bytes, compression=zero_init


LINKER GENERATED HANDLER TABLE

__TI_handler_table @ 00083204 records: 3, size/record: 2, table size: 6
	index: 0, handler: __TI_zero_init
	index: 1, handler: __TI_decompress_lzss
	index: 2, handler: __TI_decompress_none


GLOBAL DATA SYMBOLS: SORTED BY DATA PAGE

address     data page           name
--------    ----------------    ----
00000400      10 (00000400)     __stack

0000a800     2a0 (0000a800)     Adc1Data
0000a802     2a0 (0000a800)     Adc2Data
0000a804     2a0 (0000a800)     Adc3Data
0000a806     2a0 (0000a800)     Adc4Data
0000a808     2a0 (0000a800)     epwm1Info
0000a816     2a0 (0000a800)     epwm2Info
0000a824     2a0 (0000a800)     epwm3Info
0000a832     2a0 (0000a800)     epwm4Info

0000a840     2a1 (0000a840)     rData
0000a842     2a1 (0000a840)     sData
0000a844     2a1 (0000a840)     Example_Result
0000a846     2a1 (0000a840)     Example_PassCount
0000a848     2a1 (0000a840)     Example_Fail
0000a84a     2a1 (0000a840)     __TI_enable_exit_profile_output
0000a84c     2a1 (0000a840)     __TI_cleanup_ptr
0000a84e     2a1 (0000a840)     __TI_dtors_ptr
0000a850     2a1 (0000a840)     _lock
0000a852     2a1 (0000a840)     _unlock
0000a854     2a1 (0000a840)     measure_sent_flg
0000a855     2a1 (0000a840)     measure_received_flg


GLOBAL SYMBOLS: SORTED ALPHABETICALLY BY Name 

page  address   name                                     
----  -------   ----                                     
0     000824a3  ADCdataPros                              
1     0000a800  Adc1Data                                 
1     0000a802  Adc2Data                                 
1     0000a804  Adc3Data                                 
1     0000a806  Adc4Data                                 
0     0008307e  C$$EXIT                                  
0     000828bd  Device_configureTMXAnalogTrim            
0     00082761  Device_enableAllPeripherals              
0     000828a7  Device_enableUnbondedGPIOPullups         
0     00082884  Device_enableUnbondedGPIOPullupsFor100Pin
0     0008286d  Device_enableUnbondedGPIOPullupsFor176Pin
0     0008270c  Device_init                              
0     0008284c  Device_initGPIO                          
1     0000a848  Example_Fail                             
1     0000a846  Example_PassCount                        
1     0000a844  Example_Result                           
0     000828ff  Example_done                             
0     000828fa  Example_setResultFail                    
0     000828f5  Example_setResultPass                    
0     00008000  Flash_initModule                         
0     00082ee2  GPIO_setMasterCore                       
0     00082e02  GPIO_setPadConfig                        
0     00082f52  GPIO_setPinConfig                        
0     00082f1a  GPIO_setQualificationMode                
0     000825e6  InitEPWMInfox                            
0     00082fbf  Interrupt_enable                         
0     00082ea5  Interrupt_initModule                     
0     000830cf  Interrupt_initVectorTable                
0     0008612f  RamfuncsLoadEnd                          
abs   0000012f  RamfuncsLoadSize                         
0     00086000  RamfuncsLoadStart                        
0     0000812f  RamfuncsRunEnd                           
abs   0000012f  RamfuncsRunSize                          
0     00008000  RamfuncsRunStart                         
0     00082f89  SPI_clearInterruptStatus                 
0     00083024  SPI_enableInterrupt                      
0     00082da6  SPI_setConfig                            
0     0000812b  SysCtl_delay                             
0     00082e54  SysCtl_getClock                          
0     00082ce0  SysCtl_getDeviceParametric               
0     00083126  SysCtl_getLowSpeedClock                  
0     00082d48  SysCtl_selectOscSource                   
0     00082900  SysCtl_setClock                          
0     00083210  __TI_CINIT_Base                          
0     00083218  __TI_CINIT_Limit                         
0     00083204  __TI_Handler_Table_Base                  
0     0008320a  __TI_Handler_Table_Limit                 
1     000007f8  __TI_STACK_END                           
abs   000003f8  __TI_STACK_SIZE                          
0     00083053  __TI_auto_init_nobinit_nopinit           
1     0000a84c  __TI_cleanup_ptr                         
0     00082ff3  __TI_decompress_lzss                     
0     000831e3  __TI_decompress_none                     
1     0000a84e  __TI_dtors_ptr                           
1     0000a84a  __TI_enable_exit_profile_output          
abs   ffffffff  __TI_pprof_out_hndl                      
abs   ffffffff  __TI_prof_data_size                      
abs   ffffffff  __TI_prof_data_start                     
0     000831ad  __TI_zero_init_nomemset                  
0     00082c58  __c28xabi_divf                           
n/a   UNDEFED   __c_args__                               
0     000828ee  __error__                                
1     00000400  __stack                                  
0     000831ba  _args_main                               
0     00083140  _c_int00                                 
1     0000a850  _lock                                    
0     000831e2  _nop                                     
0     000831de  _register_lock                           
0     000831da  _register_unlock                         
0     000831f1  _system_post_cinit                       
0     000831ef  _system_pre_init                         
1     0000a852  _unlock                                  
0     0008307e  abort                                    
0     00080000  code_start                               
0     000824b8  configGPIOs                              
0     00082b1f  epwm1ISR                                 
1     0000a808  epwm1Info                                
0     00082b7c  epwm2ISR                                 
1     0000a816  epwm2Info                                
0     00082bd9  epwm3ISR                                 
1     0000a824  epwm3Info                                
1     0000a832  epwm4Info                                
0     00083080  exit                                     
0     00082587  initEPWM                                 
0     00082641  initSPIA                                 
0     00082684  initSPIB                                 
0     0008237c  main                                     
1     0000a855  measure_received_flg                     
1     0000a854  measure_sent_flg                         
0     000830ef  memcpy                                   
1     0000a840  rData                                    
1     0000a842  sData                                    
0     00082c0c  spiaRxFIFOISR                            


GLOBAL SYMBOLS: SORTED BY Symbol Address 

page  address   name                                     
----  -------   ----                                     
0     00008000  Flash_initModule                         
0     00008000  RamfuncsRunStart                         
0     0000812b  SysCtl_delay                             
0     0000812f  RamfuncsRunEnd                           
0     00080000  code_start                               
0     0008237c  main                                     
0     000824a3  ADCdataPros                              
0     000824b8  configGPIOs                              
0     00082587  initEPWM                                 
0     000825e6  InitEPWMInfox                            
0     00082641  initSPIA                                 
0     00082684  initSPIB                                 
0     0008270c  Device_init                              
0     00082761  Device_enableAllPeripherals              
0     0008284c  Device_initGPIO                          
0     0008286d  Device_enableUnbondedGPIOPullupsFor176Pin
0     00082884  Device_enableUnbondedGPIOPullupsFor100Pin
0     000828a7  Device_enableUnbondedGPIOPullups         
0     000828bd  Device_configureTMXAnalogTrim            
0     000828ee  __error__                                
0     000828f5  Example_setResultPass                    
0     000828fa  Example_setResultFail                    
0     000828ff  Example_done                             
0     00082900  SysCtl_setClock                          
0     00082b1f  epwm1ISR                                 
0     00082b7c  epwm2ISR                                 
0     00082bd9  epwm3ISR                                 
0     00082c0c  spiaRxFIFOISR                            
0     00082c58  __c28xabi_divf                           
0     00082ce0  SysCtl_getDeviceParametric               
0     00082d48  SysCtl_selectOscSource                   
0     00082da6  SPI_setConfig                            
0     00082e02  GPIO_setPadConfig                        
0     00082e54  SysCtl_getClock                          
0     00082ea5  Interrupt_initModule                     
0     00082ee2  GPIO_setMasterCore                       
0     00082f1a  GPIO_setQualificationMode                
0     00082f52  GPIO_setPinConfig                        
0     00082f89  SPI_clearInterruptStatus                 
0     00082fbf  Interrupt_enable                         
0     00082ff3  __TI_decompress_lzss                     
0     00083024  SPI_enableInterrupt                      
0     00083053  __TI_auto_init_nobinit_nopinit           
0     0008307e  C$$EXIT                                  
0     0008307e  abort                                    
0     00083080  exit                                     
0     000830cf  Interrupt_initVectorTable                
0     000830ef  memcpy                                   
0     00083126  SysCtl_getLowSpeedClock                  
0     00083140  _c_int00                                 
0     000831ad  __TI_zero_init_nomemset                  
0     000831ba  _args_main                               
0     000831da  _register_unlock                         
0     000831de  _register_lock                           
0     000831e2  _nop                                     
0     000831e3  __TI_decompress_none                     
0     000831ef  _system_pre_init                         
0     000831f1  _system_post_cinit                       
0     00083204  __TI_Handler_Table_Base                  
0     0008320a  __TI_Handler_Table_Limit                 
0     00083210  __TI_CINIT_Base                          
0     00083218  __TI_CINIT_Limit                         
0     00086000  RamfuncsLoadStart                        
0     0008612f  RamfuncsLoadEnd                          
1     00000400  __stack                                  
1     000007f8  __TI_STACK_END                           
1     0000a800  Adc1Data                                 
1     0000a802  Adc2Data                                 
1     0000a804  Adc3Data                                 
1     0000a806  Adc4Data                                 
1     0000a808  epwm1Info                                
1     0000a816  epwm2Info                                
1     0000a824  epwm3Info                                
1     0000a832  epwm4Info                                
1     0000a840  rData                                    
1     0000a842  sData                                    
1     0000a844  Example_Result                           
1     0000a846  Example_PassCount                        
1     0000a848  Example_Fail                             
1     0000a84a  __TI_enable_exit_profile_output          
1     0000a84c  __TI_cleanup_ptr                         
1     0000a84e  __TI_dtors_ptr                           
1     0000a850  _lock                                    
1     0000a852  _unlock                                  
1     0000a854  measure_sent_flg                         
1     0000a855  measure_received_flg                     
abs   0000012f  RamfuncsLoadSize                         
abs   0000012f  RamfuncsRunSize                          
abs   000003f8  __TI_STACK_SIZE                          
abs   ffffffff  __TI_pprof_out_hndl                      
abs   ffffffff  __TI_prof_data_size                      
abs   ffffffff  __TI_prof_data_start                     
n/a   UNDEFED   __c_args__                               

[93 symbols]
