<?xml version="1.0" encoding="ISO-8859-1" ?>
<link_info>
   <banner>TMS320C2000 Linker PC v20.2.1.LTS</banner>
   <copyright>Copyright (c) 1996-2018 Texas Instruments Incorporated</copyright>
   <link_time>0x5f89ca6d</link_time>
   <link_errors>0x0</link_errors>
   <output_file>CoolingProj_v2.out</output_file>
   <entry_point>
      <name>code_start</name>
      <address>0x80000</address>
   </entry_point>
   <input_file_list>
      <input_file id="fl-2">
         <path>.\</path>
         <kind>object</kind>
         <file>coolingproj_4ch_epwm.obj</file>
         <name>coolingproj_4ch_epwm.obj</name>
      </input_file>
      <input_file id="fl-3">
         <path>.\device\</path>
         <kind>object</kind>
         <file>F2837xD_CodeStartBranch.obj</file>
         <name>F2837xD_CodeStartBranch.obj</name>
      </input_file>
      <input_file id="fl-4">
         <path>.\device\</path>
         <kind>object</kind>
         <file>device.obj</file>
         <name>device.obj</name>
      </input_file>
      <input_file id="fl-9">
         <kind>object</kind>
         <file>&lt;internal&gt;</file>
         <name>&lt;internal&gt;</name>
      </input_file>
      <input_file id="fl-d">
         <path>C:\ti\C2000Ware_3_02_00_00_Software\driverlib\f2837xd\driverlib\ccs\Debug\</path>
         <kind>archive</kind>
         <file>driverlib_eabi.lib</file>
         <name>flash.obj</name>
      </input_file>
      <input_file id="fl-e">
         <path>C:\ti\C2000Ware_3_02_00_00_Software\driverlib\f2837xd\driverlib\ccs\Debug\</path>
         <kind>archive</kind>
         <file>driverlib_eabi.lib</file>
         <name>gpio.obj</name>
      </input_file>
      <input_file id="fl-f">
         <path>C:\ti\C2000Ware_3_02_00_00_Software\driverlib\f2837xd\driverlib\ccs\Debug\</path>
         <kind>archive</kind>
         <file>driverlib_eabi.lib</file>
         <name>interrupt.obj</name>
      </input_file>
      <input_file id="fl-10">
         <path>C:\ti\C2000Ware_3_02_00_00_Software\driverlib\f2837xd\driverlib\ccs\Debug\</path>
         <kind>archive</kind>
         <file>driverlib_eabi.lib</file>
         <name>spi.obj</name>
      </input_file>
      <input_file id="fl-11">
         <path>C:\ti\C2000Ware_3_02_00_00_Software\driverlib\f2837xd\driverlib\ccs\Debug\</path>
         <kind>archive</kind>
         <file>driverlib_eabi.lib</file>
         <name>sysctl.obj</name>
      </input_file>
      <input_file id="fl-1d">
         <path>C:\ti\ccs1010\ccs\tools\compiler\ti-cgt-c2000_20.2.1.LTS\lib\</path>
         <kind>archive</kind>
         <file>rts2800_fpu32_eabi.lib</file>
         <name>boot28.asm.obj</name>
      </input_file>
      <input_file id="fl-1e">
         <path>C:\ti\ccs1010\ccs\tools\compiler\ti-cgt-c2000_20.2.1.LTS\lib\</path>
         <kind>archive</kind>
         <file>rts2800_fpu32_eabi.lib</file>
         <name>fs_div28.asm.obj</name>
      </input_file>
      <input_file id="fl-1f">
         <path>C:\ti\ccs1010\ccs\tools\compiler\ti-cgt-c2000_20.2.1.LTS\lib\</path>
         <kind>archive</kind>
         <file>rts2800_fpu32_eabi.lib</file>
         <name>memcpy.c.obj</name>
      </input_file>
      <input_file id="fl-20">
         <path>C:\ti\ccs1010\ccs\tools\compiler\ti-cgt-c2000_20.2.1.LTS\lib\</path>
         <kind>archive</kind>
         <file>rts2800_fpu32_eabi.lib</file>
         <name>pre_init.c.obj</name>
      </input_file>
      <input_file id="fl-21">
         <path>C:\ti\ccs1010\ccs\tools\compiler\ti-cgt-c2000_20.2.1.LTS\lib\</path>
         <kind>archive</kind>
         <file>rts2800_fpu32_eabi.lib</file>
         <name>autoinit.c.obj</name>
      </input_file>
      <input_file id="fl-22">
         <path>C:\ti\ccs1010\ccs\tools\compiler\ti-cgt-c2000_20.2.1.LTS\lib\</path>
         <kind>archive</kind>
         <file>rts2800_fpu32_eabi.lib</file>
         <name>copy_zero_init.c.obj</name>
      </input_file>
      <input_file id="fl-23">
         <path>C:\ti\ccs1010\ccs\tools\compiler\ti-cgt-c2000_20.2.1.LTS\lib\</path>
         <kind>archive</kind>
         <file>rts2800_fpu32_eabi.lib</file>
         <name>copy_decompress_none.c.obj</name>
      </input_file>
      <input_file id="fl-24">
         <path>C:\ti\ccs1010\ccs\tools\compiler\ti-cgt-c2000_20.2.1.LTS\lib\</path>
         <kind>archive</kind>
         <file>rts2800_fpu32_eabi.lib</file>
         <name>copy_decompress_lzss.c.obj</name>
      </input_file>
      <input_file id="fl-25">
         <path>C:\ti\ccs1010\ccs\tools\compiler\ti-cgt-c2000_20.2.1.LTS\lib\</path>
         <kind>archive</kind>
         <file>rts2800_fpu32_eabi.lib</file>
         <name>exit.c.obj</name>
      </input_file>
      <input_file id="fl-26">
         <path>C:\ti\ccs1010\ccs\tools\compiler\ti-cgt-c2000_20.2.1.LTS\lib\</path>
         <kind>archive</kind>
         <file>rts2800_fpu32_eabi.lib</file>
         <name>_lock.c.obj</name>
      </input_file>
      <input_file id="fl-27">
         <path>C:\ti\ccs1010\ccs\tools\compiler\ti-cgt-c2000_20.2.1.LTS\lib\</path>
         <kind>archive</kind>
         <file>rts2800_fpu32_eabi.lib</file>
         <name>args_main.c.obj</name>
      </input_file>
      <input_file id="fl-28">
         <path>C:\ti\ccs1010\ccs\tools\compiler\ti-cgt-c2000_20.2.1.LTS\lib\</path>
         <kind>archive</kind>
         <file>rts2800_fpu32_eabi.lib</file>
         <name>memset.c.obj</name>
      </input_file>
      <input_file id="fl-29">
         <path>C:\ti\ccs1010\ccs\tools\compiler\ti-cgt-c2000_20.2.1.LTS\lib\</path>
         <kind>archive</kind>
         <file>rts2800_fpu32_eabi.lib</file>
         <name>cpy_tbl.c.obj</name>
      </input_file>
      <input_file id="fl-2a">
         <path>C:\ti\ccs1010\ccs\tools\compiler\ti-cgt-c2000_20.2.1.LTS\lib\</path>
         <kind>archive</kind>
         <file>rts2800_fpu32_eabi.lib</file>
         <name>startup.c.obj</name>
      </input_file>
   </input_file_list>
   <object_component_list>
      <object_component id="oc-28d">
         <name>.cinit..data.load</name>
         <load_address>0x831f8</load_address>
         <run_address>0x831f8</run_address>
         <size>0xb</size>
      </object_component>
      <object_component id="oc-28a">
         <name>__TI_handler_table</name>
         <load_address>0x83204</load_address>
         <run_address>0x83204</run_address>
         <size>0x6</size>
      </object_component>
      <object_component id="oc-28c">
         <name>.cinit..bss.load</name>
         <load_address>0x8320a</load_address>
         <run_address>0x8320a</run_address>
         <size>0x4</size>
      </object_component>
      <object_component id="oc-28b">
         <name>__TI_cinit_table</name>
         <load_address>0x83210</load_address>
         <run_address>0x83210</run_address>
         <size>0x8</size>
      </object_component>
      <object_component id="oc-3c">
         <name>.text</name>
         <load_address>0x82000</load_address>
         <run_address>0x82000</run_address>
         <size>0x6b2</size>
         <input_file_ref idref="fl-2"/>
      </object_component>
      <object_component id="oc-74">
         <name>.text</name>
         <load_address>0x826b2</load_address>
         <run_address>0x826b2</run_address>
         <size>0x24e</size>
         <input_file_ref idref="fl-4"/>
      </object_component>
      <object_component id="oc-f6">
         <name>.text:SysCtl_setClock</name>
         <load_address>0x82900</load_address>
         <run_address>0x82900</run_address>
         <size>0x21f</size>
         <input_file_ref idref="fl-11"/>
      </object_component>
      <object_component id="oc-3b">
         <name>.text:retain</name>
         <load_address>0x82b1f</load_address>
         <run_address>0x82b1f</run_address>
         <size>0x139</size>
         <input_file_ref idref="fl-2"/>
      </object_component>
      <object_component id="oc-1e6">
         <name>.text</name>
         <load_address>0x82c58</load_address>
         <run_address>0x82c58</run_address>
         <size>0x88</size>
         <input_file_ref idref="fl-1e"/>
      </object_component>
      <object_component id="oc-f0">
         <name>.text:SysCtl_getDeviceParametric</name>
         <load_address>0x82ce0</load_address>
         <run_address>0x82ce0</run_address>
         <size>0x68</size>
         <input_file_ref idref="fl-11"/>
      </object_component>
      <object_component id="oc-1d9">
         <name>.text:SysCtl_selectOscSource</name>
         <load_address>0x82d48</load_address>
         <run_address>0x82d48</run_address>
         <size>0x5e</size>
         <input_file_ref idref="fl-11"/>
      </object_component>
      <object_component id="oc-a7">
         <name>.text:SPI_setConfig</name>
         <load_address>0x82da6</load_address>
         <run_address>0x82da6</run_address>
         <size>0x5c</size>
         <input_file_ref idref="fl-10"/>
      </object_component>
      <object_component id="oc-8f">
         <name>.text:GPIO_setPadConfig</name>
         <load_address>0x82e02</load_address>
         <run_address>0x82e02</run_address>
         <size>0x52</size>
         <input_file_ref idref="fl-e"/>
      </object_component>
      <object_component id="oc-fc">
         <name>.text:SysCtl_getClock</name>
         <load_address>0x82e54</load_address>
         <run_address>0x82e54</run_address>
         <size>0x51</size>
         <input_file_ref idref="fl-11"/>
      </object_component>
      <object_component id="oc-7a">
         <name>.text:Interrupt_initModule</name>
         <load_address>0x82ea5</load_address>
         <run_address>0x82ea5</run_address>
         <size>0x3d</size>
         <input_file_ref idref="fl-f"/>
      </object_component>
      <object_component id="oc-9b">
         <name>.text:GPIO_setMasterCore</name>
         <load_address>0x82ee2</load_address>
         <run_address>0x82ee2</run_address>
         <size>0x38</size>
         <input_file_ref idref="fl-e"/>
      </object_component>
      <object_component id="oc-a1">
         <name>.text:GPIO_setQualificationMode</name>
         <load_address>0x82f1a</load_address>
         <run_address>0x82f1a</run_address>
         <size>0x38</size>
         <input_file_ref idref="fl-e"/>
      </object_component>
      <object_component id="oc-95">
         <name>.text:GPIO_setPinConfig</name>
         <load_address>0x82f52</load_address>
         <run_address>0x82f52</run_address>
         <size>0x37</size>
         <input_file_ref idref="fl-e"/>
      </object_component>
      <object_component id="oc-6d">
         <name>.text:SPI_clearInterruptStatus</name>
         <load_address>0x82f89</load_address>
         <run_address>0x82f89</run_address>
         <size>0x36</size>
         <input_file_ref idref="fl-10"/>
      </object_component>
      <object_component id="oc-89">
         <name>.text:Interrupt_enable</name>
         <load_address>0x82fbf</load_address>
         <run_address>0x82fbf</run_address>
         <size>0x34</size>
         <input_file_ref idref="fl-f"/>
      </object_component>
      <object_component id="oc-23">
         <name>.text:decompress:lzss</name>
         <load_address>0x82ff3</load_address>
         <run_address>0x82ff3</run_address>
         <size>0x31</size>
         <input_file_ref idref="fl-24"/>
      </object_component>
      <object_component id="oc-ad">
         <name>.text:SPI_enableInterrupt</name>
         <load_address>0x83024</load_address>
         <run_address>0x83024</run_address>
         <size>0x2f</size>
         <input_file_ref idref="fl-10"/>
      </object_component>
      <object_component id="oc-14d">
         <name>.text:__TI_auto_init_nobinit_nopinit</name>
         <load_address>0x83053</load_address>
         <run_address>0x83053</run_address>
         <size>0x2b</size>
         <input_file_ref idref="fl-21"/>
      </object_component>
      <object_component id="oc-d4">
         <name>.text</name>
         <load_address>0x8307e</load_address>
         <run_address>0x8307e</run_address>
         <size>0x29</size>
         <input_file_ref idref="fl-25"/>
      </object_component>
      <object_component id="oc-198">
         <name>.text:Flash_setBankPowerUpDelay</name>
         <load_address>0x830a7</load_address>
         <run_address>0x830a7</run_address>
         <size>0x28</size>
         <input_file_ref idref="fl-d"/>
      </object_component>
      <object_component id="oc-80">
         <name>.text:Interrupt_initVectorTable</name>
         <load_address>0x830cf</load_address>
         <run_address>0x830cf</run_address>
         <size>0x20</size>
         <input_file_ref idref="fl-f"/>
      </object_component>
      <object_component id="oc-4a">
         <name>.text</name>
         <load_address>0x830ef</load_address>
         <run_address>0x830ef</run_address>
         <size>0x1d</size>
         <input_file_ref idref="fl-1f"/>
      </object_component>
      <object_component id="oc-e1">
         <name>.text:SPI_isBaseValid</name>
         <load_address>0x8310c</load_address>
         <run_address>0x8310c</run_address>
         <size>0x1a</size>
         <input_file_ref idref="fl-10"/>
      </object_component>
      <object_component id="oc-103">
         <name>.text:SysCtl_getLowSpeedClock</name>
         <load_address>0x83126</load_address>
         <run_address>0x83126</run_address>
         <size>0x1a</size>
         <input_file_ref idref="fl-11"/>
      </object_component>
      <object_component id="oc-5e">
         <name>.text</name>
         <load_address>0x83140</load_address>
         <run_address>0x83140</run_address>
         <size>0x17</size>
         <input_file_ref idref="fl-1d"/>
      </object_component>
      <object_component id="oc-18b">
         <name>.text:Flash_isCtrlBaseValid</name>
         <load_address>0x83157</load_address>
         <run_address>0x83157</run_address>
         <size>0x10</size>
         <input_file_ref idref="fl-d"/>
      </object_component>
      <object_component id="oc-192">
         <name>.text:Flash_isECCBaseValid</name>
         <load_address>0x83167</load_address>
         <run_address>0x83167</run_address>
         <size>0x10</size>
         <input_file_ref idref="fl-d"/>
      </object_component>
      <object_component id="oc-132">
         <name>.text:GPIO_isPinValid</name>
         <load_address>0x83177</load_address>
         <run_address>0x83177</run_address>
         <size>0xe</size>
         <input_file_ref idref="fl-e"/>
      </object_component>
      <object_component id="oc-116">
         <name>.text:Interrupt_defaultHandler</name>
         <load_address>0x83185</load_address>
         <run_address>0x83185</run_address>
         <size>0xe</size>
         <input_file_ref idref="fl-f"/>
      </object_component>
      <object_component id="oc-10e">
         <name>.text:Interrupt_disableMaster</name>
         <load_address>0x83193</load_address>
         <run_address>0x83193</run_address>
         <size>0xd</size>
         <input_file_ref idref="fl-f"/>
      </object_component>
      <object_component id="oc-12b">
         <name>.text:Interrupt_enableMaster</name>
         <load_address>0x831a0</load_address>
         <run_address>0x831a0</run_address>
         <size>0xd</size>
         <input_file_ref idref="fl-f"/>
      </object_component>
      <object_component id="oc-52">
         <name>.text:decompress:ZI:__TI_zero_init_nomemset</name>
         <load_address>0x831ad</load_address>
         <run_address>0x831ad</run_address>
         <size>0xd</size>
         <input_file_ref idref="fl-22"/>
      </object_component>
      <object_component id="oc-ce">
         <name>.text</name>
         <load_address>0x831ba</load_address>
         <run_address>0x831ba</run_address>
         <size>0xc</size>
         <input_file_ref idref="fl-27"/>
      </object_component>
      <object_component id="oc-1d3">
         <name>.text:SysCtl_isMCDClockFailureDetected</name>
         <load_address>0x831c6</load_address>
         <run_address>0x831c6</run_address>
         <size>0xb</size>
         <input_file_ref idref="fl-11"/>
      </object_component>
      <object_component id="oc-1e0">
         <name>.text:SysCtl_serviceWatchdog</name>
         <load_address>0x831d1</load_address>
         <run_address>0x831d1</run_address>
         <size>0x9</size>
         <input_file_ref idref="fl-11"/>
      </object_component>
      <object_component id="oc-21f">
         <name>.text</name>
         <load_address>0x831da</load_address>
         <run_address>0x831da</run_address>
         <size>0x9</size>
         <input_file_ref idref="fl-26"/>
      </object_component>
      <object_component id="oc-29">
         <name>.text:decompress:none</name>
         <load_address>0x831e3</load_address>
         <run_address>0x831e3</run_address>
         <size>0x8</size>
         <input_file_ref idref="fl-23"/>
      </object_component>
      <object_component id="oc-122">
         <name>.text:Interrupt_illegalOperationHandler</name>
         <load_address>0x831eb</load_address>
         <run_address>0x831eb</run_address>
         <size>0x2</size>
         <input_file_ref idref="fl-f"/>
      </object_component>
      <object_component id="oc-11c">
         <name>.text:Interrupt_nmiHandler</name>
         <load_address>0x831ed</load_address>
         <run_address>0x831ed</run_address>
         <size>0x2</size>
         <input_file_ref idref="fl-f"/>
      </object_component>
      <object_component id="oc-c7">
         <name>.text</name>
         <load_address>0x831ef</load_address>
         <run_address>0x831ef</run_address>
         <size>0x2</size>
         <input_file_ref idref="fl-20"/>
      </object_component>
      <object_component id="oc-205">
         <name>.text</name>
         <load_address>0x831f1</load_address>
         <run_address>0x831f1</run_address>
         <size>0x1</size>
         <input_file_ref idref="fl-2a"/>
      </object_component>
      <object_component id="oc-30">
         <name>codestart</name>
         <load_address>0x80000</load_address>
         <run_address>0x80000</run_address>
         <size>0x2</size>
         <input_file_ref idref="fl-3"/>
      </object_component>
      <object_component id="oc-47">
         <name>.stack</name>
         <uninitialized>true</uninitialized>
         <run_address>0x400</run_address>
         <size>0x0</size>
         <input_file_ref idref="fl-1d"/>
      </object_component>
      <object_component id="oc-28e">
         <name>.stack</name>
         <uninitialized>true</uninitialized>
         <run_address>0x400</run_address>
         <size>0x0</size>
      </object_component>
      <object_component id="oc-67">
         <name>.bss:sData</name>
         <uninitialized>true</uninitialized>
         <run_address>0xa842</run_address>
         <size>0x2</size>
         <input_file_ref idref="fl-2"/>
      </object_component>
      <object_component id="oc-6a">
         <name>.bss:rData</name>
         <uninitialized>true</uninitialized>
         <run_address>0xa840</run_address>
         <size>0x2</size>
         <input_file_ref idref="fl-2"/>
      </object_component>
      <object_component id="oc-86">
         <name>.bss</name>
         <uninitialized>true</uninitialized>
         <run_address>0xa800</run_address>
         <size>0x40</size>
         <input_file_ref idref="fl-2"/>
      </object_component>
      <object_component id="oc-64">
         <name>.data</name>
         <load_address>0xa854</load_address>
         <run_address>0xa854</run_address>
         <size>0x2</size>
         <input_file_ref idref="fl-2"/>
      </object_component>
      <object_component id="oc-109">
         <name>.data</name>
         <load_address>0xa844</load_address>
         <run_address>0xa844</run_address>
         <size>0x6</size>
         <input_file_ref idref="fl-4"/>
      </object_component>
      <object_component id="oc-17f">
         <name>.data</name>
         <load_address>0xa84a</load_address>
         <run_address>0xa84a</run_address>
         <size>0x6</size>
         <input_file_ref idref="fl-25"/>
      </object_component>
      <object_component id="oc-182">
         <name>.data:_lock</name>
         <load_address>0xa850</load_address>
         <run_address>0xa850</run_address>
         <size>0x2</size>
         <input_file_ref idref="fl-26"/>
      </object_component>
      <object_component id="oc-247">
         <name>.data:_unlock</name>
         <load_address>0xa852</load_address>
         <run_address>0xa852</run_address>
         <size>0x2</size>
         <input_file_ref idref="fl-26"/>
      </object_component>
      <object_component id="oc-191">
         <name>.const:.string</name>
         <load_address>0x90000</load_address>
         <run_address>0x90000</run_address>
         <size>0xbf</size>
         <input_file_ref idref="fl-d"/>
      </object_component>
      <object_component id="oc-138">
         <name>.const:.string</name>
         <load_address>0x900c0</load_address>
         <run_address>0x900c0</run_address>
         <size>0xbc</size>
         <input_file_ref idref="fl-e"/>
      </object_component>
      <object_component id="oc-73">
         <name>.const:.string</name>
         <load_address>0x9017c</load_address>
         <run_address>0x9017c</run_address>
         <size>0x8e</size>
         <input_file_ref idref="fl-2"/>
      </object_component>
      <object_component id="oc-1d2">
         <name>.const:.string</name>
         <load_address>0x9020a</load_address>
         <run_address>0x9020a</run_address>
         <size>0x60</size>
         <input_file_ref idref="fl-11"/>
      </object_component>
      <object_component id="oc-e7">
         <name>.const:.string</name>
         <load_address>0x9026a</load_address>
         <run_address>0x9026a</run_address>
         <size>0x5d</size>
         <input_file_ref idref="fl-10"/>
      </object_component>
      <object_component id="oc-102">
         <name>.const:.string</name>
         <load_address>0x902c8</load_address>
         <run_address>0x902c8</run_address>
         <size>0x13</size>
         <input_file_ref idref="fl-4"/>
      </object_component>
      <object_component id="oc-ea">
         <name>.TI.ramfunc:Flash_initModule</name>
         <load_address>0x86000</load_address>
         <run_address>0x8000</run_address>
         <size>0x43</size>
         <input_file_ref idref="fl-d"/>
      </object_component>
      <object_component id="oc-19e">
         <name>.TI.ramfunc:Flash_setBankPowerMode</name>
         <load_address>0x86043</load_address>
         <run_address>0x8043</run_address>
         <size>0x2d</size>
         <input_file_ref idref="fl-d"/>
      </object_component>
      <object_component id="oc-1b6">
         <name>.TI.ramfunc:Flash_setWaitstates</name>
         <load_address>0x86070</load_address>
         <run_address>0x8070</run_address>
         <size>0x26</size>
         <input_file_ref idref="fl-d"/>
      </object_component>
      <object_component id="oc-1a4">
         <name>.TI.ramfunc:Flash_setPumpPowerMode</name>
         <load_address>0x86096</load_address>
         <run_address>0x8096</run_address>
         <size>0x1e</size>
         <input_file_ref idref="fl-d"/>
      </object_component>
      <object_component id="oc-1aa">
         <name>.TI.ramfunc:Flash_disableCache</name>
         <load_address>0x860b4</load_address>
         <run_address>0x80b4</run_address>
         <size>0x18</size>
         <input_file_ref idref="fl-d"/>
      </object_component>
      <object_component id="oc-1b0">
         <name>.TI.ramfunc:Flash_disablePrefetch</name>
         <load_address>0x860cc</load_address>
         <run_address>0x80cc</run_address>
         <size>0x18</size>
         <input_file_ref idref="fl-d"/>
      </object_component>
      <object_component id="oc-1bc">
         <name>.TI.ramfunc:Flash_enableCache</name>
         <load_address>0x860e4</load_address>
         <run_address>0x80e4</run_address>
         <size>0x18</size>
         <input_file_ref idref="fl-d"/>
      </object_component>
      <object_component id="oc-1c2">
         <name>.TI.ramfunc:Flash_enablePrefetch</name>
         <load_address>0x860fc</load_address>
         <run_address>0x80fc</run_address>
         <size>0x18</size>
         <input_file_ref idref="fl-d"/>
      </object_component>
      <object_component id="oc-1c8">
         <name>.TI.ramfunc:Flash_enableECC</name>
         <load_address>0x86114</load_address>
         <run_address>0x8114</run_address>
         <size>0x17</size>
         <input_file_ref idref="fl-d"/>
      </object_component>
      <object_component id="oc-1df">
         <name>.TI.ramfunc</name>
         <load_address>0x8612b</load_address>
         <run_address>0x812b</run_address>
         <size>0x4</size>
         <input_file_ref idref="fl-11"/>
      </object_component>
      <object_component id="oc-b4">
         <name>.debug_types</name>
         <load_address>0x0</load_address>
         <run_address>0x0</run_address>
         <size>0x226f</size>
         <input_file_ref idref="fl-2"/>
      </object_component>
      <object_component id="oc-10d">
         <name>.debug_types</name>
         <load_address>0x226f</load_address>
         <run_address>0x226f</run_address>
         <size>0x3ac</size>
         <input_file_ref idref="fl-4"/>
      </object_component>
      <object_component id="oc-1cf">
         <name>.debug_types</name>
         <load_address>0x261b</load_address>
         <run_address>0x261b</run_address>
         <size>0x243</size>
         <input_file_ref idref="fl-d"/>
      </object_component>
      <object_component id="oc-13a">
         <name>.debug_types</name>
         <load_address>0x285e</load_address>
         <run_address>0x285e</run_address>
         <size>0x3e9</size>
         <input_file_ref idref="fl-e"/>
      </object_component>
      <object_component id="oc-115">
         <name>.debug_types</name>
         <load_address>0x0</load_address>
         <run_address>0x0</run_address>
         <size>0x0</size>
         <input_file_ref idref="fl-f"/>
      </object_component>
      <object_component id="oc-e9">
         <name>.debug_types</name>
         <load_address>0x0</load_address>
         <run_address>0x0</run_address>
         <size>0x0</size>
         <input_file_ref idref="fl-10"/>
      </object_component>
      <object_component id="oc-1d1">
         <name>.debug_types</name>
         <load_address>0x2c47</load_address>
         <run_address>0x2c47</run_address>
         <size>0x37</size>
         <input_file_ref idref="fl-11"/>
      </object_component>
      <object_component id="oc-ba">
         <name>.debug_types</name>
         <load_address>0x2c7e</load_address>
         <run_address>0x2c7e</run_address>
         <size>0x117</size>
         <input_file_ref idref="fl-1f"/>
      </object_component>
      <object_component id="oc-14c">
         <name>.debug_types</name>
         <load_address>0x0</load_address>
         <run_address>0x0</run_address>
         <size>0x0</size>
         <input_file_ref idref="fl-20"/>
      </object_component>
      <object_component id="oc-20c">
         <name>.debug_types</name>
         <load_address>0x2d95</load_address>
         <run_address>0x2d95</run_address>
         <size>0x49b</size>
         <input_file_ref idref="fl-21"/>
      </object_component>
      <object_component id="oc-bf">
         <name>.debug_types</name>
         <load_address>0x3230</load_address>
         <run_address>0x3230</run_address>
         <size>0x194</size>
         <input_file_ref idref="fl-22"/>
      </object_component>
      <object_component id="oc-51">
         <name>.debug_types</name>
         <load_address>0x0</load_address>
         <run_address>0x0</run_address>
         <size>0x0</size>
         <input_file_ref idref="fl-23"/>
      </object_component>
      <object_component id="oc-49">
         <name>.debug_types</name>
         <load_address>0x33c4</load_address>
         <run_address>0x33c4</run_address>
         <size>0x191</size>
         <input_file_ref idref="fl-24"/>
      </object_component>
      <object_component id="oc-186">
         <name>.debug_types</name>
         <load_address>0x3555</load_address>
         <run_address>0x3555</run_address>
         <size>0xbf</size>
         <input_file_ref idref="fl-25"/>
      </object_component>
      <object_component id="oc-227">
         <name>.debug_types</name>
         <load_address>0x3614</load_address>
         <run_address>0x3614</run_address>
         <size>0x2f</size>
         <input_file_ref idref="fl-26"/>
      </object_component>
      <object_component id="oc-17e">
         <name>.debug_types</name>
         <load_address>0x3643</load_address>
         <run_address>0x3643</run_address>
         <size>0xe1</size>
         <input_file_ref idref="fl-27"/>
      </object_component>
      <object_component id="oc-241">
         <name>.debug_types</name>
         <load_address>0x0</load_address>
         <run_address>0x0</run_address>
         <size>0x0</size>
         <input_file_ref idref="fl-2a"/>
      </object_component>
      <object_component id="oc-65">
         <name>.debug_info</name>
         <load_address>0x0</load_address>
         <run_address>0x0</run_address>
         <size>0x13d</size>
         <input_file_ref idref="fl-2"/>
      </object_component>
      <object_component id="oc-68">
         <name>.debug_info</name>
         <load_address>0x13d</load_address>
         <run_address>0x13d</run_address>
         <size>0xeb</size>
         <input_file_ref idref="fl-2"/>
      </object_component>
      <object_component id="oc-6b">
         <name>.debug_info</name>
         <load_address>0x228</load_address>
         <run_address>0x228</run_address>
         <size>0xeb</size>
         <input_file_ref idref="fl-2"/>
      </object_component>
      <object_component id="oc-87">
         <name>.debug_info</name>
         <load_address>0x313</load_address>
         <run_address>0x313</run_address>
         <size>0x1f5</size>
         <input_file_ref idref="fl-2"/>
      </object_component>
      <object_component id="oc-3d">
         <name>.debug_info</name>
         <load_address>0x508</load_address>
         <run_address>0x508</run_address>
         <size>0x2d85</size>
         <input_file_ref idref="fl-2"/>
      </object_component>
      <object_component id="oc-44">
         <name>.debug_info</name>
         <load_address>0x328d</load_address>
         <run_address>0x328d</run_address>
         <size>0x3c6</size>
         <input_file_ref idref="fl-2"/>
      </object_component>
      <object_component id="oc-31">
         <name>.debug_info</name>
         <load_address>0x3653</load_address>
         <run_address>0x3653</run_address>
         <size>0x10e</size>
         <input_file_ref idref="fl-3"/>
      </object_component>
      <object_component id="oc-10a">
         <name>.debug_info</name>
         <load_address>0x3761</load_address>
         <run_address>0x3761</run_address>
         <size>0x158</size>
         <input_file_ref idref="fl-4"/>
      </object_component>
      <object_component id="oc-75">
         <name>.debug_info</name>
         <load_address>0x38b9</load_address>
         <run_address>0x38b9</run_address>
         <size>0x1387</size>
         <input_file_ref idref="fl-4"/>
      </object_component>
      <object_component id="oc-18c">
         <name>.debug_info</name>
         <load_address>0x4c40</load_address>
         <run_address>0x4c40</run_address>
         <size>0x21e</size>
         <input_file_ref idref="fl-d"/>
      </object_component>
      <object_component id="oc-193">
         <name>.debug_info</name>
         <load_address>0x4e5e</load_address>
         <run_address>0x4e5e</run_address>
         <size>0x21a</size>
         <input_file_ref idref="fl-d"/>
      </object_component>
      <object_component id="oc-1b7">
         <name>.debug_info</name>
         <load_address>0x5078</load_address>
         <run_address>0x5078</run_address>
         <size>0x27a</size>
         <input_file_ref idref="fl-d"/>
      </object_component>
      <object_component id="oc-19f">
         <name>.debug_info</name>
         <load_address>0x52f2</load_address>
         <run_address>0x52f2</run_address>
         <size>0x290</size>
         <input_file_ref idref="fl-d"/>
      </object_component>
      <object_component id="oc-1a5">
         <name>.debug_info</name>
         <load_address>0x5582</load_address>
         <run_address>0x5582</run_address>
         <size>0x26f</size>
         <input_file_ref idref="fl-d"/>
      </object_component>
      <object_component id="oc-1c3">
         <name>.debug_info</name>
         <load_address>0x57f1</load_address>
         <run_address>0x57f1</run_address>
         <size>0x240</size>
         <input_file_ref idref="fl-d"/>
      </object_component>
      <object_component id="oc-1b1">
         <name>.debug_info</name>
         <load_address>0x5a31</load_address>
         <run_address>0x5a31</run_address>
         <size>0x242</size>
         <input_file_ref idref="fl-d"/>
      </object_component>
      <object_component id="oc-1bd">
         <name>.debug_info</name>
         <load_address>0x5c73</load_address>
         <run_address>0x5c73</run_address>
         <size>0x23a</size>
         <input_file_ref idref="fl-d"/>
      </object_component>
      <object_component id="oc-1ae">
         <name>.debug_info</name>
         <load_address>0x5ead</load_address>
         <run_address>0x5ead</run_address>
         <size>0x23c</size>
         <input_file_ref idref="fl-d"/>
      </object_component>
      <object_component id="oc-1cb">
         <name>.debug_info</name>
         <load_address>0x60e9</load_address>
         <run_address>0x60e9</run_address>
         <size>0x233</size>
         <input_file_ref idref="fl-d"/>
      </object_component>
      <object_component id="oc-19b">
         <name>.debug_info</name>
         <load_address>0x631c</load_address>
         <run_address>0x631c</run_address>
         <size>0x27c</size>
         <input_file_ref idref="fl-d"/>
      </object_component>
      <object_component id="oc-ee">
         <name>.debug_info</name>
         <load_address>0x6598</load_address>
         <run_address>0x6598</run_address>
         <size>0x398</size>
         <input_file_ref idref="fl-d"/>
      </object_component>
      <object_component id="oc-133">
         <name>.debug_info</name>
         <load_address>0x6930</load_address>
         <run_address>0x6930</run_address>
         <size>0x206</size>
         <input_file_ref idref="fl-e"/>
      </object_component>
      <object_component id="oc-90">
         <name>.debug_info</name>
         <load_address>0x6b36</load_address>
         <run_address>0x6b36</run_address>
         <size>0x267</size>
         <input_file_ref idref="fl-e"/>
      </object_component>
      <object_component id="oc-a2">
         <name>.debug_info</name>
         <load_address>0x6d9d</load_address>
         <run_address>0x6d9d</run_address>
         <size>0x2af</size>
         <input_file_ref idref="fl-e"/>
      </object_component>
      <object_component id="oc-9c">
         <name>.debug_info</name>
         <load_address>0x704c</load_address>
         <run_address>0x704c</run_address>
         <size>0x28f</size>
         <input_file_ref idref="fl-e"/>
      </object_component>
      <object_component id="oc-99">
         <name>.debug_info</name>
         <load_address>0x72db</load_address>
         <run_address>0x72db</run_address>
         <size>0x250</size>
         <input_file_ref idref="fl-e"/>
      </object_component>
      <object_component id="oc-12d">
         <name>.debug_info</name>
         <load_address>0x752b</load_address>
         <run_address>0x752b</run_address>
         <size>0x1ff</size>
         <input_file_ref idref="fl-f"/>
      </object_component>
      <object_component id="oc-10f">
         <name>.debug_info</name>
         <load_address>0x772a</load_address>
         <run_address>0x772a</run_address>
         <size>0x203</size>
         <input_file_ref idref="fl-f"/>
      </object_component>
      <object_component id="oc-117">
         <name>.debug_info</name>
         <load_address>0x792d</load_address>
         <run_address>0x792d</run_address>
         <size>0x21d</size>
         <input_file_ref idref="fl-f"/>
      </object_component>
      <object_component id="oc-123">
         <name>.debug_info</name>
         <load_address>0x7b4a</load_address>
         <run_address>0x7b4a</run_address>
         <size>0x203</size>
         <input_file_ref idref="fl-f"/>
      </object_component>
      <object_component id="oc-11e">
         <name>.debug_info</name>
         <load_address>0x7d4d</load_address>
         <run_address>0x7d4d</run_address>
         <size>0x1e9</size>
         <input_file_ref idref="fl-f"/>
      </object_component>
      <object_component id="oc-7b">
         <name>.debug_info</name>
         <load_address>0x7f36</load_address>
         <run_address>0x7f36</run_address>
         <size>0x210</size>
         <input_file_ref idref="fl-f"/>
      </object_component>
      <object_component id="oc-81">
         <name>.debug_info</name>
         <load_address>0x8146</load_address>
         <run_address>0x8146</run_address>
         <size>0x20b</size>
         <input_file_ref idref="fl-f"/>
      </object_component>
      <object_component id="oc-8a">
         <name>.debug_info</name>
         <load_address>0x8351</load_address>
         <run_address>0x8351</run_address>
         <size>0x2b3</size>
         <input_file_ref idref="fl-f"/>
      </object_component>
      <object_component id="oc-e2">
         <name>.debug_info</name>
         <load_address>0x8604</load_address>
         <run_address>0x8604</run_address>
         <size>0x206</size>
         <input_file_ref idref="fl-10"/>
      </object_component>
      <object_component id="oc-a8">
         <name>.debug_info</name>
         <load_address>0x880a</load_address>
         <run_address>0x880a</run_address>
         <size>0x309</size>
         <input_file_ref idref="fl-10"/>
      </object_component>
      <object_component id="oc-b1">
         <name>.debug_info</name>
         <load_address>0x8b13</load_address>
         <run_address>0x8b13</run_address>
         <size>0x23f</size>
         <input_file_ref idref="fl-10"/>
      </object_component>
      <object_component id="oc-70">
         <name>.debug_info</name>
         <load_address>0x8d52</load_address>
         <run_address>0x8d52</run_address>
         <size>0x24a</size>
         <input_file_ref idref="fl-10"/>
      </object_component>
      <object_component id="oc-1e2">
         <name>.debug_info</name>
         <load_address>0x8f9c</load_address>
         <run_address>0x8f9c</run_address>
         <size>0x1f3</size>
         <input_file_ref idref="fl-11"/>
      </object_component>
      <object_component id="oc-1d4">
         <name>.debug_info</name>
         <load_address>0x918f</load_address>
         <run_address>0x918f</run_address>
         <size>0x20f</size>
         <input_file_ref idref="fl-11"/>
      </object_component>
      <object_component id="oc-fe">
         <name>.debug_info</name>
         <load_address>0x939e</load_address>
         <run_address>0x939e</run_address>
         <size>0x278</size>
         <input_file_ref idref="fl-11"/>
      </object_component>
      <object_component id="oc-f8">
         <name>.debug_info</name>
         <load_address>0x9616</load_address>
         <run_address>0x9616</run_address>
         <size>0x52c</size>
         <input_file_ref idref="fl-11"/>
      </object_component>
      <object_component id="oc-1da">
         <name>.debug_info</name>
         <load_address>0x9b42</load_address>
         <run_address>0x9b42</run_address>
         <size>0x22d</size>
         <input_file_ref idref="fl-11"/>
      </object_component>
      <object_component id="oc-104">
         <name>.debug_info</name>
         <load_address>0x9d6f</load_address>
         <run_address>0x9d6f</run_address>
         <size>0x252</size>
         <input_file_ref idref="fl-11"/>
      </object_component>
      <object_component id="oc-f1">
         <name>.debug_info</name>
         <load_address>0x9fc1</load_address>
         <run_address>0x9fc1</run_address>
         <size>0x242</size>
         <input_file_ref idref="fl-11"/>
      </object_component>
      <object_component id="oc-61">
         <name>.debug_info</name>
         <load_address>0xa203</load_address>
         <run_address>0xa203</run_address>
         <size>0x158</size>
         <input_file_ref idref="fl-1d"/>
      </object_component>
      <object_component id="oc-1e7">
         <name>.debug_info</name>
         <load_address>0xa35b</load_address>
         <run_address>0xa35b</run_address>
         <size>0x127</size>
         <input_file_ref idref="fl-1e"/>
      </object_component>
      <object_component id="oc-4c">
         <name>.debug_info</name>
         <load_address>0xa482</load_address>
         <run_address>0xa482</run_address>
         <size>0x19b</size>
         <input_file_ref idref="fl-1f"/>
      </object_component>
      <object_component id="oc-c9">
         <name>.debug_info</name>
         <load_address>0xa61d</load_address>
         <run_address>0xa61d</run_address>
         <size>0x14d</size>
         <input_file_ref idref="fl-20"/>
      </object_component>
      <object_component id="oc-14f">
         <name>.debug_info</name>
         <load_address>0xa76a</load_address>
         <run_address>0xa76a</run_address>
         <size>0x1bf</size>
         <input_file_ref idref="fl-21"/>
      </object_component>
      <object_component id="oc-56">
         <name>.debug_info</name>
         <load_address>0xa929</load_address>
         <run_address>0xa929</run_address>
         <size>0x1b6</size>
         <input_file_ref idref="fl-22"/>
      </object_component>
      <object_component id="oc-2a">
         <name>.debug_info</name>
         <load_address>0xaadf</load_address>
         <run_address>0xaadf</run_address>
         <size>0x1b7</size>
         <input_file_ref idref="fl-23"/>
      </object_component>
      <object_component id="oc-26">
         <name>.debug_info</name>
         <load_address>0xac96</load_address>
         <run_address>0xac96</run_address>
         <size>0x20c</size>
         <input_file_ref idref="fl-24"/>
      </object_component>
      <object_component id="oc-180">
         <name>.debug_info</name>
         <load_address>0xaea2</load_address>
         <run_address>0xaea2</run_address>
         <size>0x19e</size>
         <input_file_ref idref="fl-25"/>
      </object_component>
      <object_component id="oc-d5">
         <name>.debug_info</name>
         <load_address>0xb040</load_address>
         <run_address>0xb040</run_address>
         <size>0x1a9</size>
         <input_file_ref idref="fl-25"/>
      </object_component>
      <object_component id="oc-183">
         <name>.debug_info</name>
         <load_address>0xb1e9</load_address>
         <run_address>0xb1e9</run_address>
         <size>0x107</size>
         <input_file_ref idref="fl-26"/>
      </object_component>
      <object_component id="oc-248">
         <name>.debug_info</name>
         <load_address>0xb2f0</load_address>
         <run_address>0xb2f0</run_address>
         <size>0x10b</size>
         <input_file_ref idref="fl-26"/>
      </object_component>
      <object_component id="oc-220">
         <name>.debug_info</name>
         <load_address>0xb3fb</load_address>
         <run_address>0xb3fb</run_address>
         <size>0x203</size>
         <input_file_ref idref="fl-26"/>
      </object_component>
      <object_component id="oc-d2">
         <name>.debug_info</name>
         <load_address>0xb5fe</load_address>
         <run_address>0xb5fe</run_address>
         <size>0x15d</size>
         <input_file_ref idref="fl-27"/>
      </object_component>
      <object_component id="oc-208">
         <name>.debug_info</name>
         <load_address>0xb75b</load_address>
         <run_address>0xb75b</run_address>
         <size>0x147</size>
         <input_file_ref idref="fl-2a"/>
      </object_component>
      <object_component id="oc-290">
         <name>.debug_info</name>
         <load_address>0xb8a2</load_address>
         <run_address>0xb8a2</run_address>
         <size>0xad</size>
      </object_component>
      <object_component id="oc-dc">
         <name>.debug_line</name>
         <load_address>0x0</load_address>
         <run_address>0x0</run_address>
         <size>0x3e</size>
         <input_file_ref idref="fl-2"/>
      </object_component>
      <object_component id="oc-de">
         <name>.debug_line</name>
         <load_address>0x3e</load_address>
         <run_address>0x3e</run_address>
         <size>0x3e</size>
         <input_file_ref idref="fl-2"/>
      </object_component>
      <object_component id="oc-e0">
         <name>.debug_line</name>
         <load_address>0x7c</load_address>
         <run_address>0x7c</run_address>
         <size>0x3e</size>
         <input_file_ref idref="fl-2"/>
      </object_component>
      <object_component id="oc-12a">
         <name>.debug_line</name>
         <load_address>0xba</load_address>
         <run_address>0xba</run_address>
         <size>0x3e</size>
         <input_file_ref idref="fl-2"/>
      </object_component>
      <object_component id="oc-40">
         <name>.debug_line</name>
         <load_address>0xf8</load_address>
         <run_address>0xf8</run_address>
         <size>0x64a</size>
         <input_file_ref idref="fl-2"/>
      </object_component>
      <object_component id="oc-42">
         <name>.debug_line</name>
         <load_address>0x742</load_address>
         <run_address>0x742</run_address>
         <size>0x109</size>
         <input_file_ref idref="fl-2"/>
      </object_component>
      <object_component id="oc-141">
         <name>.debug_line</name>
         <load_address>0x84b</load_address>
         <run_address>0x84b</run_address>
         <size>0x1f9</size>
         <input_file_ref idref="fl-2"/>
      </object_component>
      <object_component id="oc-34">
         <name>.debug_line</name>
         <load_address>0xa44</load_address>
         <run_address>0xa44</run_address>
         <size>0x55</size>
         <input_file_ref idref="fl-3"/>
      </object_component>
      <object_component id="oc-1ef">
         <name>.debug_line</name>
         <load_address>0xa99</load_address>
         <run_address>0xa99</run_address>
         <size>0x37</size>
         <input_file_ref idref="fl-4"/>
      </object_component>
      <object_component id="oc-78">
         <name>.debug_line</name>
         <load_address>0xad0</load_address>
         <run_address>0xad0</run_address>
         <size>0x2f7</size>
         <input_file_ref idref="fl-4"/>
      </object_component>
      <object_component id="oc-1f1">
         <name>.debug_line</name>
         <load_address>0xdc7</load_address>
         <run_address>0xdc7</run_address>
         <size>0xce</size>
         <input_file_ref idref="fl-4"/>
      </object_component>
      <object_component id="oc-190">
         <name>.debug_line</name>
         <load_address>0xe95</load_address>
         <run_address>0xe95</run_address>
         <size>0x99</size>
         <input_file_ref idref="fl-d"/>
      </object_component>
      <object_component id="oc-197">
         <name>.debug_line</name>
         <load_address>0xf2e</load_address>
         <run_address>0xf2e</run_address>
         <size>0x99</size>
         <input_file_ref idref="fl-d"/>
      </object_component>
      <object_component id="oc-1ba">
         <name>.debug_line</name>
         <load_address>0xfc7</load_address>
         <run_address>0xfc7</run_address>
         <size>0x9d</size>
         <input_file_ref idref="fl-d"/>
      </object_component>
      <object_component id="oc-1a2">
         <name>.debug_line</name>
         <load_address>0x1064</load_address>
         <run_address>0x1064</run_address>
         <size>0x9c</size>
         <input_file_ref idref="fl-d"/>
      </object_component>
      <object_component id="oc-1a8">
         <name>.debug_line</name>
         <load_address>0x1100</load_address>
         <run_address>0x1100</run_address>
         <size>0x9c</size>
         <input_file_ref idref="fl-d"/>
      </object_component>
      <object_component id="oc-1c6">
         <name>.debug_line</name>
         <load_address>0x119c</load_address>
         <run_address>0x119c</run_address>
         <size>0x9c</size>
         <input_file_ref idref="fl-d"/>
      </object_component>
      <object_component id="oc-1b4">
         <name>.debug_line</name>
         <load_address>0x1238</load_address>
         <run_address>0x1238</run_address>
         <size>0x9c</size>
         <input_file_ref idref="fl-d"/>
      </object_component>
      <object_component id="oc-1c1">
         <name>.debug_line</name>
         <load_address>0x12d4</load_address>
         <run_address>0x12d4</run_address>
         <size>0x9c</size>
         <input_file_ref idref="fl-d"/>
      </object_component>
      <object_component id="oc-1ad">
         <name>.debug_line</name>
         <load_address>0x1370</load_address>
         <run_address>0x1370</run_address>
         <size>0x9c</size>
         <input_file_ref idref="fl-d"/>
      </object_component>
      <object_component id="oc-1ca">
         <name>.debug_line</name>
         <load_address>0x140c</load_address>
         <run_address>0x140c</run_address>
         <size>0x9c</size>
         <input_file_ref idref="fl-d"/>
      </object_component>
      <object_component id="oc-19a">
         <name>.debug_line</name>
         <load_address>0x14a8</load_address>
         <run_address>0x14a8</run_address>
         <size>0x9d</size>
         <input_file_ref idref="fl-d"/>
      </object_component>
      <object_component id="oc-ed">
         <name>.debug_line</name>
         <load_address>0x1545</load_address>
         <run_address>0x1545</run_address>
         <size>0xa4</size>
         <input_file_ref idref="fl-d"/>
      </object_component>
      <object_component id="oc-237">
         <name>.debug_line</name>
         <load_address>0x15e9</load_address>
         <run_address>0x15e9</run_address>
         <size>0xe5</size>
         <input_file_ref idref="fl-d"/>
      </object_component>
      <object_component id="oc-136">
         <name>.debug_line</name>
         <load_address>0x16ce</load_address>
         <run_address>0x16ce</run_address>
         <size>0x98</size>
         <input_file_ref idref="fl-e"/>
      </object_component>
      <object_component id="oc-93">
         <name>.debug_line</name>
         <load_address>0x1766</load_address>
         <run_address>0x1766</run_address>
         <size>0xc0</size>
         <input_file_ref idref="fl-e"/>
      </object_component>
      <object_component id="oc-a6">
         <name>.debug_line</name>
         <load_address>0x1826</load_address>
         <run_address>0x1826</run_address>
         <size>0x9f</size>
         <input_file_ref idref="fl-e"/>
      </object_component>
      <object_component id="oc-9f">
         <name>.debug_line</name>
         <load_address>0x18c5</load_address>
         <run_address>0x18c5</run_address>
         <size>0x9f</size>
         <input_file_ref idref="fl-e"/>
      </object_component>
      <object_component id="oc-98">
         <name>.debug_line</name>
         <load_address>0x1964</load_address>
         <run_address>0x1964</run_address>
         <size>0x9f</size>
         <input_file_ref idref="fl-e"/>
      </object_component>
      <object_component id="oc-1fd">
         <name>.debug_line</name>
         <load_address>0x1a03</load_address>
         <run_address>0x1a03</run_address>
         <size>0xe4</size>
         <input_file_ref idref="fl-e"/>
      </object_component>
      <object_component id="oc-12c">
         <name>.debug_line</name>
         <load_address>0x1ae7</load_address>
         <run_address>0x1ae7</run_address>
         <size>0x9d</size>
         <input_file_ref idref="fl-f"/>
      </object_component>
      <object_component id="oc-112">
         <name>.debug_line</name>
         <load_address>0x1b84</load_address>
         <run_address>0x1b84</run_address>
         <size>0x9d</size>
         <input_file_ref idref="fl-f"/>
      </object_component>
      <object_component id="oc-11a">
         <name>.debug_line</name>
         <load_address>0x1c21</load_address>
         <run_address>0x1c21</run_address>
         <size>0xa3</size>
         <input_file_ref idref="fl-f"/>
      </object_component>
      <object_component id="oc-126">
         <name>.debug_line</name>
         <load_address>0x1cc4</load_address>
         <run_address>0x1cc4</run_address>
         <size>0x9b</size>
         <input_file_ref idref="fl-f"/>
      </object_component>
      <object_component id="oc-11d">
         <name>.debug_line</name>
         <load_address>0x1d5f</load_address>
         <run_address>0x1d5f</run_address>
         <size>0x9b</size>
         <input_file_ref idref="fl-f"/>
      </object_component>
      <object_component id="oc-7f">
         <name>.debug_line</name>
         <load_address>0x1dfa</load_address>
         <run_address>0x1dfa</run_address>
         <size>0xb8</size>
         <input_file_ref idref="fl-f"/>
      </object_component>
      <object_component id="oc-85">
         <name>.debug_line</name>
         <load_address>0x1eb2</load_address>
         <run_address>0x1eb2</run_address>
         <size>0xb1</size>
         <input_file_ref idref="fl-f"/>
      </object_component>
      <object_component id="oc-8e">
         <name>.debug_line</name>
         <load_address>0x1f63</load_address>
         <run_address>0x1f63</run_address>
         <size>0xb5</size>
         <input_file_ref idref="fl-f"/>
      </object_component>
      <object_component id="oc-1f5">
         <name>.debug_line</name>
         <load_address>0x2018</load_address>
         <run_address>0x2018</run_address>
         <size>0x21</size>
         <input_file_ref idref="fl-f"/>
      </object_component>
      <object_component id="oc-e5">
         <name>.debug_line</name>
         <load_address>0x2039</load_address>
         <run_address>0x2039</run_address>
         <size>0x97</size>
         <input_file_ref idref="fl-10"/>
      </object_component>
      <object_component id="oc-ac">
         <name>.debug_line</name>
         <load_address>0x20d0</load_address>
         <run_address>0x20d0</run_address>
         <size>0xa0</size>
         <input_file_ref idref="fl-10"/>
      </object_component>
      <object_component id="oc-b0">
         <name>.debug_line</name>
         <load_address>0x2170</load_address>
         <run_address>0x2170</run_address>
         <size>0xad</size>
         <input_file_ref idref="fl-10"/>
      </object_component>
      <object_component id="oc-6e">
         <name>.debug_line</name>
         <load_address>0x221d</load_address>
         <run_address>0x221d</run_address>
         <size>0xb4</size>
         <input_file_ref idref="fl-10"/>
      </object_component>
      <object_component id="oc-189">
         <name>.debug_line</name>
         <load_address>0x22d1</load_address>
         <run_address>0x22d1</run_address>
         <size>0xe3</size>
         <input_file_ref idref="fl-10"/>
      </object_component>
      <object_component id="oc-1e1">
         <name>.debug_line</name>
         <load_address>0x23b4</load_address>
         <run_address>0x23b4</run_address>
         <size>0x9d</size>
         <input_file_ref idref="fl-11"/>
      </object_component>
      <object_component id="oc-1d7">
         <name>.debug_line</name>
         <load_address>0x2451</load_address>
         <run_address>0x2451</run_address>
         <size>0x9a</size>
         <input_file_ref idref="fl-11"/>
      </object_component>
      <object_component id="oc-fd">
         <name>.debug_line</name>
         <load_address>0x24eb</load_address>
         <run_address>0x24eb</run_address>
         <size>0xbe</size>
         <input_file_ref idref="fl-11"/>
      </object_component>
      <object_component id="oc-f7">
         <name>.debug_line</name>
         <load_address>0x25a9</load_address>
         <run_address>0x25a9</run_address>
         <size>0x1b3</size>
         <input_file_ref idref="fl-11"/>
      </object_component>
      <object_component id="oc-1de">
         <name>.debug_line</name>
         <load_address>0x275c</load_address>
         <run_address>0x275c</run_address>
         <size>0xc9</size>
         <input_file_ref idref="fl-11"/>
      </object_component>
      <object_component id="oc-107">
         <name>.debug_line</name>
         <load_address>0x2825</load_address>
         <run_address>0x2825</run_address>
         <size>0xa1</size>
         <input_file_ref idref="fl-11"/>
      </object_component>
      <object_component id="oc-f5">
         <name>.debug_line</name>
         <load_address>0x28c6</load_address>
         <run_address>0x28c6</run_address>
         <size>0xc7</size>
         <input_file_ref idref="fl-11"/>
      </object_component>
      <object_component id="oc-23a">
         <name>.debug_line</name>
         <load_address>0x298d</load_address>
         <run_address>0x298d</run_address>
         <size>0xe6</size>
         <input_file_ref idref="fl-11"/>
      </object_component>
      <object_component id="oc-5f">
         <name>.debug_line</name>
         <load_address>0x2a73</load_address>
         <run_address>0x2a73</run_address>
         <size>0x4f</size>
         <input_file_ref idref="fl-1d"/>
      </object_component>
      <object_component id="oc-1ea">
         <name>.debug_line</name>
         <load_address>0x2ac2</load_address>
         <run_address>0x2ac2</run_address>
         <size>0xae</size>
         <input_file_ref idref="fl-1e"/>
      </object_component>
      <object_component id="oc-4e">
         <name>.debug_line</name>
         <load_address>0x2b70</load_address>
         <run_address>0x2b70</run_address>
         <size>0x63</size>
         <input_file_ref idref="fl-1f"/>
      </object_component>
      <object_component id="oc-144">
         <name>.debug_line</name>
         <load_address>0x2bd3</load_address>
         <run_address>0x2bd3</run_address>
         <size>0x21</size>
         <input_file_ref idref="fl-1f"/>
      </object_component>
      <object_component id="oc-cc">
         <name>.debug_line</name>
         <load_address>0x2bf4</load_address>
         <run_address>0x2bf4</run_address>
         <size>0x3f</size>
         <input_file_ref idref="fl-20"/>
      </object_component>
      <object_component id="oc-203">
         <name>.debug_line</name>
         <load_address>0x2c33</load_address>
         <run_address>0x2c33</run_address>
         <size>0x21</size>
         <input_file_ref idref="fl-20"/>
      </object_component>
      <object_component id="oc-14e">
         <name>.debug_line</name>
         <load_address>0x2c54</load_address>
         <run_address>0x2c54</run_address>
         <size>0x71</size>
         <input_file_ref idref="fl-21"/>
      </object_component>
      <object_component id="oc-243">
         <name>.debug_line</name>
         <load_address>0x2cc5</load_address>
         <run_address>0x2cc5</run_address>
         <size>0x21</size>
         <input_file_ref idref="fl-21"/>
      </object_component>
      <object_component id="oc-53">
         <name>.debug_line</name>
         <load_address>0x2ce6</load_address>
         <run_address>0x2ce6</run_address>
         <size>0x52</size>
         <input_file_ref idref="fl-22"/>
      </object_component>
      <object_component id="oc-147">
         <name>.debug_line</name>
         <load_address>0x2d38</load_address>
         <run_address>0x2d38</run_address>
         <size>0x21</size>
         <input_file_ref idref="fl-22"/>
      </object_component>
      <object_component id="oc-2d">
         <name>.debug_line</name>
         <load_address>0x2d59</load_address>
         <run_address>0x2d59</run_address>
         <size>0x57</size>
         <input_file_ref idref="fl-23"/>
      </object_component>
      <object_component id="oc-bc">
         <name>.debug_line</name>
         <load_address>0x2db0</load_address>
         <run_address>0x2db0</run_address>
         <size>0x21</size>
         <input_file_ref idref="fl-23"/>
      </object_component>
      <object_component id="oc-24">
         <name>.debug_line</name>
         <load_address>0x2dd1</load_address>
         <run_address>0x2dd1</run_address>
         <size>0x9a</size>
         <input_file_ref idref="fl-24"/>
      </object_component>
      <object_component id="oc-b7">
         <name>.debug_line</name>
         <load_address>0x2e6b</load_address>
         <run_address>0x2e6b</run_address>
         <size>0x21</size>
         <input_file_ref idref="fl-24"/>
      </object_component>
      <object_component id="oc-21e">
         <name>.debug_line</name>
         <load_address>0x2e8c</load_address>
         <run_address>0x2e8c</run_address>
         <size>0x2b</size>
         <input_file_ref idref="fl-25"/>
      </object_component>
      <object_component id="oc-d8">
         <name>.debug_line</name>
         <load_address>0x2eb7</load_address>
         <run_address>0x2eb7</run_address>
         <size>0x66</size>
         <input_file_ref idref="fl-25"/>
      </object_component>
      <object_component id="oc-229">
         <name>.debug_line</name>
         <load_address>0x2f1d</load_address>
         <run_address>0x2f1d</run_address>
         <size>0x21</size>
         <input_file_ref idref="fl-25"/>
      </object_component>
      <object_component id="oc-226">
         <name>.debug_line</name>
         <load_address>0x2f3e</load_address>
         <run_address>0x2f3e</run_address>
         <size>0x2c</size>
         <input_file_ref idref="fl-26"/>
      </object_component>
      <object_component id="oc-255">
         <name>.debug_line</name>
         <load_address>0x2f6a</load_address>
         <run_address>0x2f6a</run_address>
         <size>0x2c</size>
         <input_file_ref idref="fl-26"/>
      </object_component>
      <object_component id="oc-223">
         <name>.debug_line</name>
         <load_address>0x2f96</load_address>
         <run_address>0x2f96</run_address>
         <size>0x5f</size>
         <input_file_ref idref="fl-26"/>
      </object_component>
      <object_component id="oc-24c">
         <name>.debug_line</name>
         <load_address>0x2ff5</load_address>
         <run_address>0x2ff5</run_address>
         <size>0x21</size>
         <input_file_ref idref="fl-26"/>
      </object_component>
      <object_component id="oc-d1">
         <name>.debug_line</name>
         <load_address>0x3016</load_address>
         <run_address>0x3016</run_address>
         <size>0x4e</size>
         <input_file_ref idref="fl-27"/>
      </object_component>
      <object_component id="oc-21b">
         <name>.debug_line</name>
         <load_address>0x3064</load_address>
         <run_address>0x3064</run_address>
         <size>0x30</size>
         <input_file_ref idref="fl-27"/>
      </object_component>
      <object_component id="oc-20a">
         <name>.debug_line</name>
         <load_address>0x3094</load_address>
         <run_address>0x3094</run_address>
         <size>0x3b</size>
         <input_file_ref idref="fl-2a"/>
      </object_component>
      <object_component id="oc-24f">
         <name>.debug_line</name>
         <load_address>0x30cf</load_address>
         <run_address>0x30cf</run_address>
         <size>0x21</size>
         <input_file_ref idref="fl-2a"/>
      </object_component>
      <object_component id="oc-41">
         <name>.debug_frame</name>
         <load_address>0x0</load_address>
         <run_address>0x0</run_address>
         <size>0x430</size>
         <input_file_ref idref="fl-2"/>
      </object_component>
      <object_component id="oc-43">
         <name>.debug_frame</name>
         <load_address>0x430</load_address>
         <run_address>0x430</run_address>
         <size>0x250</size>
         <input_file_ref idref="fl-2"/>
      </object_component>
      <object_component id="oc-79">
         <name>.debug_frame</name>
         <load_address>0x680</load_address>
         <run_address>0x680</run_address>
         <size>0x1c4</size>
         <input_file_ref idref="fl-4"/>
      </object_component>
      <object_component id="oc-18f">
         <name>.debug_frame</name>
         <load_address>0x844</load_address>
         <run_address>0x844</run_address>
         <size>0x44</size>
         <input_file_ref idref="fl-d"/>
      </object_component>
      <object_component id="oc-196">
         <name>.debug_frame</name>
         <load_address>0x888</load_address>
         <run_address>0x888</run_address>
         <size>0x44</size>
         <input_file_ref idref="fl-d"/>
      </object_component>
      <object_component id="oc-1bb">
         <name>.debug_frame</name>
         <load_address>0x8cc</load_address>
         <run_address>0x8cc</run_address>
         <size>0x44</size>
         <input_file_ref idref="fl-d"/>
      </object_component>
      <object_component id="oc-1a3">
         <name>.debug_frame</name>
         <load_address>0x910</load_address>
         <run_address>0x910</run_address>
         <size>0x44</size>
         <input_file_ref idref="fl-d"/>
      </object_component>
      <object_component id="oc-1a9">
         <name>.debug_frame</name>
         <load_address>0x954</load_address>
         <run_address>0x954</run_address>
         <size>0x44</size>
         <input_file_ref idref="fl-d"/>
      </object_component>
      <object_component id="oc-1c7">
         <name>.debug_frame</name>
         <load_address>0x998</load_address>
         <run_address>0x998</run_address>
         <size>0x44</size>
         <input_file_ref idref="fl-d"/>
      </object_component>
      <object_component id="oc-1b5">
         <name>.debug_frame</name>
         <load_address>0x9dc</load_address>
         <run_address>0x9dc</run_address>
         <size>0x44</size>
         <input_file_ref idref="fl-d"/>
      </object_component>
      <object_component id="oc-1c0">
         <name>.debug_frame</name>
         <load_address>0xa20</load_address>
         <run_address>0xa20</run_address>
         <size>0x44</size>
         <input_file_ref idref="fl-d"/>
      </object_component>
      <object_component id="oc-1ac">
         <name>.debug_frame</name>
         <load_address>0xa64</load_address>
         <run_address>0xa64</run_address>
         <size>0x44</size>
         <input_file_ref idref="fl-d"/>
      </object_component>
      <object_component id="oc-1cd">
         <name>.debug_frame</name>
         <load_address>0xaa8</load_address>
         <run_address>0xaa8</run_address>
         <size>0x44</size>
         <input_file_ref idref="fl-d"/>
      </object_component>
      <object_component id="oc-19d">
         <name>.debug_frame</name>
         <load_address>0xaec</load_address>
         <run_address>0xaec</run_address>
         <size>0x44</size>
         <input_file_ref idref="fl-d"/>
      </object_component>
      <object_component id="oc-ec">
         <name>.debug_frame</name>
         <load_address>0xb30</load_address>
         <run_address>0xb30</run_address>
         <size>0x44</size>
         <input_file_ref idref="fl-d"/>
      </object_component>
      <object_component id="oc-137">
         <name>.debug_frame</name>
         <load_address>0xb74</load_address>
         <run_address>0xb74</run_address>
         <size>0x44</size>
         <input_file_ref idref="fl-e"/>
      </object_component>
      <object_component id="oc-94">
         <name>.debug_frame</name>
         <load_address>0xbb8</load_address>
         <run_address>0xbb8</run_address>
         <size>0x44</size>
         <input_file_ref idref="fl-e"/>
      </object_component>
      <object_component id="oc-a5">
         <name>.debug_frame</name>
         <load_address>0xbfc</load_address>
         <run_address>0xbfc</run_address>
         <size>0x44</size>
         <input_file_ref idref="fl-e"/>
      </object_component>
      <object_component id="oc-a0">
         <name>.debug_frame</name>
         <load_address>0xc40</load_address>
         <run_address>0xc40</run_address>
         <size>0x44</size>
         <input_file_ref idref="fl-e"/>
      </object_component>
      <object_component id="oc-97">
         <name>.debug_frame</name>
         <load_address>0xc84</load_address>
         <run_address>0xc84</run_address>
         <size>0x44</size>
         <input_file_ref idref="fl-e"/>
      </object_component>
      <object_component id="oc-130">
         <name>.debug_frame</name>
         <load_address>0xcc8</load_address>
         <run_address>0xcc8</run_address>
         <size>0x40</size>
         <input_file_ref idref="fl-f"/>
      </object_component>
      <object_component id="oc-113">
         <name>.debug_frame</name>
         <load_address>0xd08</load_address>
         <run_address>0xd08</run_address>
         <size>0x40</size>
         <input_file_ref idref="fl-f"/>
      </object_component>
      <object_component id="oc-11b">
         <name>.debug_frame</name>
         <load_address>0xd48</load_address>
         <run_address>0xd48</run_address>
         <size>0x40</size>
         <input_file_ref idref="fl-f"/>
      </object_component>
      <object_component id="oc-127">
         <name>.debug_frame</name>
         <load_address>0xd88</load_address>
         <run_address>0xd88</run_address>
         <size>0x40</size>
         <input_file_ref idref="fl-f"/>
      </object_component>
      <object_component id="oc-121">
         <name>.debug_frame</name>
         <load_address>0xdc8</load_address>
         <run_address>0xdc8</run_address>
         <size>0x40</size>
         <input_file_ref idref="fl-f"/>
      </object_component>
      <object_component id="oc-7e">
         <name>.debug_frame</name>
         <load_address>0xe08</load_address>
         <run_address>0xe08</run_address>
         <size>0x40</size>
         <input_file_ref idref="fl-f"/>
      </object_component>
      <object_component id="oc-84">
         <name>.debug_frame</name>
         <load_address>0xe48</load_address>
         <run_address>0xe48</run_address>
         <size>0x44</size>
         <input_file_ref idref="fl-f"/>
      </object_component>
      <object_component id="oc-8d">
         <name>.debug_frame</name>
         <load_address>0xe8c</load_address>
         <run_address>0xe8c</run_address>
         <size>0x44</size>
         <input_file_ref idref="fl-f"/>
      </object_component>
      <object_component id="oc-e6">
         <name>.debug_frame</name>
         <load_address>0xed0</load_address>
         <run_address>0xed0</run_address>
         <size>0x44</size>
         <input_file_ref idref="fl-10"/>
      </object_component>
      <object_component id="oc-ab">
         <name>.debug_frame</name>
         <load_address>0xf14</load_address>
         <run_address>0xf14</run_address>
         <size>0x44</size>
         <input_file_ref idref="fl-10"/>
      </object_component>
      <object_component id="oc-af">
         <name>.debug_frame</name>
         <load_address>0xf58</load_address>
         <run_address>0xf58</run_address>
         <size>0x44</size>
         <input_file_ref idref="fl-10"/>
      </object_component>
      <object_component id="oc-6f">
         <name>.debug_frame</name>
         <load_address>0xf9c</load_address>
         <run_address>0xf9c</run_address>
         <size>0x44</size>
         <input_file_ref idref="fl-10"/>
      </object_component>
      <object_component id="oc-1e5">
         <name>.debug_frame</name>
         <load_address>0xfe0</load_address>
         <run_address>0xfe0</run_address>
         <size>0x40</size>
         <input_file_ref idref="fl-11"/>
      </object_component>
      <object_component id="oc-1d8">
         <name>.debug_frame</name>
         <load_address>0x1020</load_address>
         <run_address>0x1020</run_address>
         <size>0x40</size>
         <input_file_ref idref="fl-11"/>
      </object_component>
      <object_component id="oc-101">
         <name>.debug_frame</name>
         <load_address>0x1060</load_address>
         <run_address>0x1060</run_address>
         <size>0x44</size>
         <input_file_ref idref="fl-11"/>
      </object_component>
      <object_component id="oc-fb">
         <name>.debug_frame</name>
         <load_address>0x10a4</load_address>
         <run_address>0x10a4</run_address>
         <size>0x50</size>
         <input_file_ref idref="fl-11"/>
      </object_component>
      <object_component id="oc-1dd">
         <name>.debug_frame</name>
         <load_address>0x10f4</load_address>
         <run_address>0x10f4</run_address>
         <size>0x44</size>
         <input_file_ref idref="fl-11"/>
      </object_component>
      <object_component id="oc-108">
         <name>.debug_frame</name>
         <load_address>0x1138</load_address>
         <run_address>0x1138</run_address>
         <size>0x44</size>
         <input_file_ref idref="fl-11"/>
      </object_component>
      <object_component id="oc-f4">
         <name>.debug_frame</name>
         <load_address>0x117c</load_address>
         <run_address>0x117c</run_address>
         <size>0x44</size>
         <input_file_ref idref="fl-11"/>
      </object_component>
      <object_component id="oc-4f">
         <name>.debug_frame</name>
         <load_address>0x11c0</load_address>
         <run_address>0x11c0</run_address>
         <size>0x40</size>
         <input_file_ref idref="fl-1f"/>
      </object_component>
      <object_component id="oc-c8">
         <name>.debug_frame</name>
         <load_address>0x1200</load_address>
         <run_address>0x1200</run_address>
         <size>0x40</size>
         <input_file_ref idref="fl-20"/>
      </object_component>
      <object_component id="oc-152">
         <name>.debug_frame</name>
         <load_address>0x1240</load_address>
         <run_address>0x1240</run_address>
         <size>0x58</size>
         <input_file_ref idref="fl-21"/>
      </object_component>
      <object_component id="oc-54">
         <name>.debug_frame</name>
         <load_address>0x1298</load_address>
         <run_address>0x1298</run_address>
         <size>0x40</size>
         <input_file_ref idref="fl-22"/>
      </object_component>
      <object_component id="oc-2e">
         <name>.debug_frame</name>
         <load_address>0x12d8</load_address>
         <run_address>0x12d8</run_address>
         <size>0x40</size>
         <input_file_ref idref="fl-23"/>
      </object_component>
      <object_component id="oc-28">
         <name>.debug_frame</name>
         <load_address>0x1318</load_address>
         <run_address>0x1318</run_address>
         <size>0x48</size>
         <input_file_ref idref="fl-24"/>
      </object_component>
      <object_component id="oc-d9">
         <name>.debug_frame</name>
         <load_address>0x1360</load_address>
         <run_address>0x1360</run_address>
         <size>0x60</size>
         <input_file_ref idref="fl-25"/>
      </object_component>
      <object_component id="oc-224">
         <name>.debug_frame</name>
         <load_address>0x13c0</load_address>
         <run_address>0x13c0</run_address>
         <size>0x70</size>
         <input_file_ref idref="fl-26"/>
      </object_component>
      <object_component id="oc-d0">
         <name>.debug_frame</name>
         <load_address>0x1430</load_address>
         <run_address>0x1430</run_address>
         <size>0x40</size>
         <input_file_ref idref="fl-27"/>
      </object_component>
      <object_component id="oc-206">
         <name>.debug_frame</name>
         <load_address>0x1470</load_address>
         <run_address>0x1470</run_address>
         <size>0x40</size>
         <input_file_ref idref="fl-2a"/>
      </object_component>
      <object_component id="oc-db">
         <name>.debug_abbrev</name>
         <load_address>0x0</load_address>
         <run_address>0x0</run_address>
         <size>0x28</size>
         <input_file_ref idref="fl-2"/>
      </object_component>
      <object_component id="oc-dd">
         <name>.debug_abbrev</name>
         <load_address>0x28</load_address>
         <run_address>0x28</run_address>
         <size>0x28</size>
         <input_file_ref idref="fl-2"/>
      </object_component>
      <object_component id="oc-df">
         <name>.debug_abbrev</name>
         <load_address>0x50</load_address>
         <run_address>0x50</run_address>
         <size>0x28</size>
         <input_file_ref idref="fl-2"/>
      </object_component>
      <object_component id="oc-129">
         <name>.debug_abbrev</name>
         <load_address>0x78</load_address>
         <run_address>0x78</run_address>
         <size>0x28</size>
         <input_file_ref idref="fl-2"/>
      </object_component>
      <object_component id="oc-b3">
         <name>.debug_abbrev</name>
         <load_address>0xa0</load_address>
         <run_address>0xa0</run_address>
         <size>0x13a</size>
         <input_file_ref idref="fl-2"/>
      </object_component>
      <object_component id="oc-b5">
         <name>.debug_abbrev</name>
         <load_address>0x1da</load_address>
         <run_address>0x1da</run_address>
         <size>0x88</size>
         <input_file_ref idref="fl-2"/>
      </object_component>
      <object_component id="oc-140">
         <name>.debug_abbrev</name>
         <load_address>0x262</load_address>
         <run_address>0x262</run_address>
         <size>0xe8</size>
         <input_file_ref idref="fl-2"/>
      </object_component>
      <object_component id="oc-63">
         <name>.debug_abbrev</name>
         <load_address>0x34a</load_address>
         <run_address>0x34a</run_address>
         <size>0x25</size>
         <input_file_ref idref="fl-3"/>
      </object_component>
      <object_component id="oc-1ee">
         <name>.debug_abbrev</name>
         <load_address>0x36f</load_address>
         <run_address>0x36f</run_address>
         <size>0x28</size>
         <input_file_ref idref="fl-4"/>
      </object_component>
      <object_component id="oc-10c">
         <name>.debug_abbrev</name>
         <load_address>0x397</load_address>
         <run_address>0x397</run_address>
         <size>0xf2</size>
         <input_file_ref idref="fl-4"/>
      </object_component>
      <object_component id="oc-1f0">
         <name>.debug_abbrev</name>
         <load_address>0x489</load_address>
         <run_address>0x489</run_address>
         <size>0x9e</size>
         <input_file_ref idref="fl-4"/>
      </object_component>
      <object_component id="oc-22b">
         <name>.debug_abbrev</name>
         <load_address>0x527</load_address>
         <run_address>0x527</run_address>
         <size>0x5c</size>
         <input_file_ref idref="fl-d"/>
      </object_component>
      <object_component id="oc-22c">
         <name>.debug_abbrev</name>
         <load_address>0x583</load_address>
         <run_address>0x583</run_address>
         <size>0x5c</size>
         <input_file_ref idref="fl-d"/>
      </object_component>
      <object_component id="oc-232">
         <name>.debug_abbrev</name>
         <load_address>0x5df</load_address>
         <run_address>0x5df</run_address>
         <size>0x68</size>
         <input_file_ref idref="fl-d"/>
      </object_component>
      <object_component id="oc-22e">
         <name>.debug_abbrev</name>
         <load_address>0x647</load_address>
         <run_address>0x647</run_address>
         <size>0x68</size>
         <input_file_ref idref="fl-d"/>
      </object_component>
      <object_component id="oc-22f">
[...]
         <origin>0xf000</origin>
         <length>0x1000</length>
         <used_space>0x0</used_space>
         <unused_space>0x1000</unused_space>
         <attributes>RWIX</attributes>
         <usage_details>
         </usage_details>
      </memory_area>
      <memory_area display="yes" color="green">
         <name>RAMGS4</name>
         <page_id>0x1</page_id>
         <origin>0x10000</origin>
         <length>0x1000</length>
         <used_space>0x0</used_space>
         <unused_space>0x1000</unused_space>
         <attributes>RWIX</attributes>
         <usage_details>
         </usage_details>
      </memory_area>
      <memory_area display="yes" color="green">
         <name>RAMGS5</name>
         <page_id>0x1</page_id>
         <origin>0x11000</origin>
         <length>0x1000</length>
         <used_space>0x0</used_space>
         <unused_space>0x1000</unused_space>
         <attributes>RWIX</attributes>
         <usage_details>
         </usage_details>
      </memory_area>
      <memory_area display="yes" color="green">
         <name>RAMGS6</name>
         <page_id>0x1</page_id>
         <origin>0x12000</origin>
         <length>0x1000</length>
         <used_space>0x0</used_space>
         <unused_space>0x1000</unused_space>
         <attributes>RWIX</attributes>
         <usage_details>
         </usage_details>
      </memory_area>
      <memory_area display="yes" color="green">
         <name>RAMGS7</name>
         <page_id>0x1</page_id>
         <origin>0x13000</origin>
         <length>0x1000</length>
         <used_space>0x0</used_space>
         <unused_space>0x1000</unused_space>
         <attributes>RWIX</attributes>
         <usage_details>
         </usage_details>
      </memory_area>
      <memory_area display="yes" color="green">
         <name>RAMGS8</name>
         <page_id>0x1</page_id>
         <origin>0x14000</origin>
         <length>0x1000</length>
         <used_space>0x0</used_space>
         <unused_space>0x1000</unused_space>
         <attributes>RWIX</attributes>
         <usage_details>
         </usage_details>
      </memory_area>
      <memory_area display="yes" color="green">
         <name>RAMGS9</name>
         <page_id>0x1</page_id>
         <origin>0x15000</origin>
         <length>0x1000</length>
         <used_space>0x0</used_space>
         <unused_space>0x1000</unused_space>
         <attributes>RWIX</attributes>
         <usage_details>
         </usage_details>
      </memory_area>
      <memory_area display="yes" color="green">
         <name>RAMGS10</name>
         <page_id>0x1</page_id>
         <origin>0x16000</origin>
         <length>0x1000</length>
         <used_space>0x0</used_space>
         <unused_space>0x1000</unused_space>
         <attributes>RWIX</attributes>
         <usage_details>
         </usage_details>
      </memory_area>
      <memory_area display="yes" color="green">
         <name>RAMGS11</name>
         <page_id>0x1</page_id>
         <origin>0x17000</origin>
         <length>0x1000</length>
         <used_space>0x0</used_space>
         <unused_space>0x1000</unused_space>
         <attributes>RWIX</attributes>
         <usage_details>
         </usage_details>
      </memory_area>
      <memory_area display="yes" color="green">
         <name>RAMGS12</name>
         <page_id>0x1</page_id>
         <origin>0x18000</origin>
         <length>0x1000</length>
         <used_space>0x0</used_space>
         <unused_space>0x1000</unused_space>
         <attributes>RWIX</attributes>
         <usage_details>
         </usage_details>
      </memory_area>
      <memory_area display="yes" color="green">
         <name>RAMGS13</name>
         <page_id>0x1</page_id>
         <origin>0x19000</origin>
         <length>0x1000</length>
         <used_space>0x0</used_space>
         <unused_space>0x1000</unused_space>
         <attributes>RWIX</attributes>
         <usage_details>
         </usage_details>
      </memory_area>
      <memory_area display="yes" color="green">
         <name>CPU2TOCPU1RAM</name>
         <page_id>0x1</page_id>
         <origin>0x3f800</origin>
         <length>0x400</length>
         <used_space>0x0</used_space>
         <unused_space>0x400</unused_space>
         <attributes>RWIX</attributes>
         <usage_details>
         </usage_details>
      </memory_area>
      <memory_area display="yes" color="green">
         <name>CPU1TOCPU2RAM</name>
         <page_id>0x1</page_id>
         <origin>0x3fc00</origin>
         <length>0x400</length>
         <used_space>0x0</used_space>
         <unused_space>0x400</unused_space>
         <attributes>RWIX</attributes>
         <usage_details>
         </usage_details>
      </memory_area>
   </placement_map>
   <cptbl_list>
      <cptbl>
         <name>__TI_cinit_table</name>
         <cprec>
            <name>.data</name>
            <load_address>0x831f8</load_address>
            <load_size>0xb</load_size>
            <run_address>0xa844</run_address>
            <run_size>0x12</run_size>
            <compression>lzss</compression>
         </cprec>
         <cprec>
            <name>.bss</name>
            <load_address>0x8320a</load_address>
            <load_size>0x4</load_size>
            <run_address>0xa800</run_address>
            <run_size>0x44</run_size>
            <compression>zero_init</compression>
         </cprec>
      </cptbl>
   </cptbl_list>
   <handler_table>
      <handler_table_name>__TI_handler_table</handler_table_name>
      <handler>
         <index>0x0</index>
         <name>__TI_zero_init</name>
      </handler>
      <handler>
         <index>0x1</index>
         <name>__TI_decompress_lzss</name>
      </handler>
      <handler>
         <index>0x2</index>
         <name>__TI_decompress_none</name>
      </handler>
   </handler_table>
   <symbol_table>
      <symbol id="sm-1">
         <name>RamfuncsLoadStart</name>
         <value>0x86000</value>
      </symbol>
      <symbol id="sm-2">
         <name>RamfuncsLoadSize</name>
         <value>0x12f</value>
      </symbol>
      <symbol id="sm-3">
         <name>RamfuncsLoadEnd</name>
         <value>0x8612f</value>
      </symbol>
      <symbol id="sm-4">
         <name>RamfuncsRunStart</name>
         <value>0x8000</value>
      </symbol>
      <symbol id="sm-5">
         <name>RamfuncsRunSize</name>
         <value>0x12f</value>
      </symbol>
      <symbol id="sm-6">
         <name>RamfuncsRunEnd</name>
         <value>0x812f</value>
      </symbol>
      <symbol id="sm-7">
         <name>__TI_CINIT_Base</name>
         <value>0x83210</value>
      </symbol>
      <symbol id="sm-8">
         <name>__TI_CINIT_Limit</name>
         <value>0x83218</value>
      </symbol>
      <symbol id="sm-9">
         <name>__TI_Handler_Table_Base</name>
         <value>0x83204</value>
      </symbol>
      <symbol id="sm-a">
         <name>__TI_Handler_Table_Limit</name>
         <value>0x8320a</value>
      </symbol>
      <symbol id="sm-b">
         <name>__TI_STACK_SIZE</name>
         <value>0x3f8</value>
      </symbol>
      <symbol id="sm-c">
         <name>__TI_STACK_END</name>
         <value>0x7f8</value>
      </symbol>
      <symbol id="sm-d">
         <name>__TI_pprof_out_hndl</name>
         <value>0xffffffff</value>
      </symbol>
      <symbol id="sm-e">
         <name>__TI_prof_data_start</name>
         <value>0xffffffff</value>
      </symbol>
      <symbol id="sm-f">
         <name>__TI_prof_data_size</name>
         <value>0xffffffff</value>
      </symbol>
      <symbol id="sm-bc">
         <name>epwm3ISR</name>
         <value>0x82bd9</value>
         <object_component_ref idref="oc-3b"/>
      </symbol>
      <symbol id="sm-bd">
         <name>InitEPWMInfox</name>
         <value>0x825e6</value>
         <object_component_ref idref="oc-3c"/>
      </symbol>
      <symbol id="sm-be">
         <name>epwm2ISR</name>
         <value>0x82b7c</value>
         <object_component_ref idref="oc-3b"/>
      </symbol>
      <symbol id="sm-bf">
         <name>ADCdataPros</name>
         <value>0x824a3</value>
         <object_component_ref idref="oc-3c"/>
      </symbol>
      <symbol id="sm-c0">
         <name>epwm4Info</name>
         <value>0xa832</value>
         <object_component_ref idref="oc-86"/>
      </symbol>
      <symbol id="sm-c1">
         <name>configGPIOs</name>
         <value>0x824b8</value>
         <object_component_ref idref="oc-3c"/>
      </symbol>
      <symbol id="sm-c2">
         <name>Adc1Data</name>
         <value>0xa800</value>
         <object_component_ref idref="oc-86"/>
      </symbol>
      <symbol id="sm-c3">
         <name>epwm2Info</name>
         <value>0xa816</value>
         <object_component_ref idref="oc-86"/>
      </symbol>
      <symbol id="sm-c4">
         <name>Adc2Data</name>
         <value>0xa802</value>
         <object_component_ref idref="oc-86"/>
      </symbol>
      <symbol id="sm-c5">
         <name>main</name>
         <value>0x8237c</value>
         <object_component_ref idref="oc-3c"/>
      </symbol>
      <symbol id="sm-c6">
         <name>epwm3Info</name>
         <value>0xa824</value>
         <object_component_ref idref="oc-86"/>
      </symbol>
      <symbol id="sm-c7">
         <name>Adc3Data</name>
         <value>0xa804</value>
         <object_component_ref idref="oc-86"/>
      </symbol>
      <symbol id="sm-c8">
         <name>epwm1ISR</name>
         <value>0x82b1f</value>
         <object_component_ref idref="oc-3b"/>
      </symbol>
      <symbol id="sm-c9">
         <name>Adc4Data</name>
         <value>0xa806</value>
         <object_component_ref idref="oc-86"/>
      </symbol>
      <symbol id="sm-ca">
         <name>initEPWM</name>
         <value>0x82587</value>
         <object_component_ref idref="oc-3c"/>
      </symbol>
      <symbol id="sm-cb">
         <name>initSPIA</name>
         <value>0x82641</value>
         <object_component_ref idref="oc-3c"/>
      </symbol>
      <symbol id="sm-cc">
         <name>initSPIB</name>
         <value>0x82684</value>
         <object_component_ref idref="oc-3c"/>
      </symbol>
      <symbol id="sm-cd">
         <name>epwm1Info</name>
         <value>0xa808</value>
         <object_component_ref idref="oc-86"/>
      </symbol>
      <symbol id="sm-ce">
         <name>rData</name>
         <value>0xa840</value>
         <object_component_ref idref="oc-6a"/>
      </symbol>
      <symbol id="sm-cf">
         <name>measure_sent_flg</name>
         <value>0xa854</value>
         <object_component_ref idref="oc-64"/>
      </symbol>
      <symbol id="sm-d0">
         <name>spiaRxFIFOISR</name>
         <value>0x82c0c</value>
         <object_component_ref idref="oc-3b"/>
      </symbol>
      <symbol id="sm-d1">
         <name>sData</name>
         <value>0xa842</value>
         <object_component_ref idref="oc-67"/>
      </symbol>
      <symbol id="sm-d2">
         <name>measure_received_flg</name>
         <value>0xa855</value>
         <object_component_ref idref="oc-64"/>
      </symbol>
      <symbol id="sm-da">
         <name>code_start</name>
         <value>0x80000</value>
         <object_component_ref idref="oc-30"/>
      </symbol>
      <symbol id="sm-f9">
         <name>Device_enableAllPeripherals</name>
         <value>0x82761</value>
         <object_component_ref idref="oc-74"/>
      </symbol>
      <symbol id="sm-fa">
         <name>Device_initGPIO</name>
         <value>0x8284c</value>
         <object_component_ref idref="oc-74"/>
      </symbol>
      <symbol id="sm-fb">
         <name>Example_Fail</name>
         <value>0xa848</value>
         <object_component_ref idref="oc-109"/>
      </symbol>
      <symbol id="sm-fc">
         <name>Example_setResultFail</name>
         <value>0x828fa</value>
         <object_component_ref idref="oc-74"/>
      </symbol>
      <symbol id="sm-fd">
         <name>Device_init</name>
         <value>0x8270c</value>
         <object_component_ref idref="oc-74"/>
      </symbol>
      <symbol id="sm-fe">
         <name>Example_Result</name>
         <value>0xa844</value>
         <object_component_ref idref="oc-109"/>
      </symbol>
      <symbol id="sm-ff">
         <name>Device_enableUnbondedGPIOPullups</name>
         <value>0x828a7</value>
         <object_component_ref idref="oc-74"/>
      </symbol>
      <symbol id="sm-100">
         <name>__error__</name>
         <value>0x828ee</value>
         <object_component_ref idref="oc-74"/>
      </symbol>
      <symbol id="sm-101">
         <name>Example_setResultPass</name>
         <value>0x828f5</value>
         <object_component_ref idref="oc-74"/>
      </symbol>
      <symbol id="sm-102">
         <name>Device_configureTMXAnalogTrim</name>
         <value>0x828bd</value>
         <object_component_ref idref="oc-74"/>
      </symbol>
      <symbol id="sm-103">
         <name>Device_enableUnbondedGPIOPullupsFor176Pin</name>
         <value>0x8286d</value>
         <object_component_ref idref="oc-74"/>
      </symbol>
      <symbol id="sm-104">
         <name>Example_done</name>
         <value>0x828ff</value>
         <object_component_ref idref="oc-74"/>
      </symbol>
      <symbol id="sm-105">
         <name>Example_PassCount</name>
         <value>0xa846</value>
         <object_component_ref idref="oc-109"/>
      </symbol>
      <symbol id="sm-106">
         <name>Device_enableUnbondedGPIOPullupsFor100Pin</name>
         <value>0x82884</value>
         <object_component_ref idref="oc-74"/>
      </symbol>
      <symbol id="sm-180">
         <name>Flash_initModule</name>
         <value>0x8000</value>
         <object_component_ref idref="oc-ea"/>
      </symbol>
      <symbol id="sm-1b8">
         <name>GPIO_setQualificationMode</name>
         <value>0x82f1a</value>
         <object_component_ref idref="oc-a1"/>
      </symbol>
      <symbol id="sm-1b9">
         <name>GPIO_setPadConfig</name>
         <value>0x82e02</value>
         <object_component_ref idref="oc-8f"/>
      </symbol>
      <symbol id="sm-1ba">
         <name>GPIO_setPinConfig</name>
         <value>0x82f52</value>
         <object_component_ref idref="oc-95"/>
      </symbol>
      <symbol id="sm-1bb">
         <name>GPIO_setMasterCore</name>
         <value>0x82ee2</value>
         <object_component_ref idref="oc-9b"/>
      </symbol>
      <symbol id="sm-20d">
         <name>Interrupt_initModule</name>
         <value>0x82ea5</value>
         <object_component_ref idref="oc-7a"/>
      </symbol>
      <symbol id="sm-20e">
         <name>Interrupt_enable</name>
         <value>0x82fbf</value>
         <object_component_ref idref="oc-89"/>
      </symbol>
      <symbol id="sm-20f">
         <name>Interrupt_initVectorTable</name>
         <value>0x830cf</value>
         <object_component_ref idref="oc-80"/>
      </symbol>
      <symbol id="sm-247">
         <name>SPI_setConfig</name>
         <value>0x82da6</value>
         <object_component_ref idref="oc-a7"/>
      </symbol>
      <symbol id="sm-248">
         <name>SPI_clearInterruptStatus</name>
         <value>0x82f89</value>
         <object_component_ref idref="oc-6d"/>
      </symbol>
      <symbol id="sm-249">
         <name>SPI_enableInterrupt</name>
         <value>0x83024</value>
         <object_component_ref idref="oc-ad"/>
      </symbol>
      <symbol id="sm-2bd">
         <name>SysCtl_delay</name>
         <value>0x812b</value>
         <object_component_ref idref="oc-1df"/>
      </symbol>
      <symbol id="sm-2be">
         <name>SysCtl_getDeviceParametric</name>
         <value>0x82ce0</value>
         <object_component_ref idref="oc-f0"/>
      </symbol>
      <symbol id="sm-2bf">
         <name>SysCtl_selectOscSource</name>
         <value>0x82d48</value>
         <object_component_ref idref="oc-1d9"/>
      </symbol>
      <symbol id="sm-2c0">
         <name>SysCtl_getLowSpeedClock</name>
         <value>0x83126</value>
         <object_component_ref idref="oc-103"/>
      </symbol>
      <symbol id="sm-2c1">
         <name>SysCtl_setClock</name>
         <value>0x82900</value>
         <object_component_ref idref="oc-f6"/>
      </symbol>
      <symbol id="sm-2c2">
         <name>SysCtl_getClock</name>
         <value>0x82e54</value>
         <object_component_ref idref="oc-fc"/>
      </symbol>
      <symbol id="sm-2cc">
         <name>_c_int00</name>
         <value>0x83140</value>
         <object_component_ref idref="oc-5e"/>
      </symbol>
      <symbol id="sm-2cd">
         <name>__stack</name>
         <value>0x400</value>
         <object_component_ref idref="oc-47"/>
      </symbol>
      <symbol id="sm-2da">
         <name>__c28xabi_divf</name>
         <value>0x82c58</value>
         <object_component_ref idref="oc-1e6"/>
      </symbol>
      <symbol id="sm-2ec">
         <name>memcpy</name>
         <value>0x830ef</value>
         <object_component_ref idref="oc-4a"/>
      </symbol>
      <symbol id="sm-2f9">
         <name>_system_pre_init</name>
         <value>0x831ef</value>
         <object_component_ref idref="oc-c7"/>
      </symbol>
      <symbol id="sm-308">
         <name>__TI_auto_init_nobinit_nopinit</name>
         <value>0x83053</value>
         <object_component_ref idref="oc-14d"/>
      </symbol>
      <symbol id="sm-317">
         <name>__TI_zero_init_nomemset</name>
         <value>0x831ad</value>
         <object_component_ref idref="oc-52"/>
      </symbol>
      <symbol id="sm-324">
         <name>__TI_decompress_none</name>
         <value>0x831e3</value>
         <object_component_ref idref="oc-29"/>
      </symbol>
      <symbol id="sm-338">
         <name>__TI_decompress_lzss</name>
         <value>0x82ff3</value>
         <object_component_ref idref="oc-23"/>
      </symbol>
      <symbol id="sm-34e">
         <name>C$$EXIT</name>
         <value>0x8307e</value>
         <object_component_ref idref="oc-d4"/>
      </symbol>
      <symbol id="sm-34f">
         <name>abort</name>
         <value>0x8307e</value>
         <object_component_ref idref="oc-d4"/>
      </symbol>
      <symbol id="sm-350">
         <name>exit</name>
         <value>0x83080</value>
         <object_component_ref idref="oc-d4"/>
      </symbol>
      <symbol id="sm-351">
         <name>__TI_dtors_ptr</name>
         <value>0xa84e</value>
         <object_component_ref idref="oc-17f"/>
      </symbol>
      <symbol id="sm-352">
         <name>__TI_cleanup_ptr</name>
         <value>0xa84c</value>
         <object_component_ref idref="oc-17f"/>
      </symbol>
      <symbol id="sm-353">
         <name>__TI_enable_exit_profile_output</name>
         <value>0xa84a</value>
         <object_component_ref idref="oc-17f"/>
      </symbol>
      <symbol id="sm-36a">
         <name>_nop</name>
         <value>0x831e2</value>
         <object_component_ref idref="oc-21f"/>
      </symbol>
      <symbol id="sm-36b">
         <name>_lock</name>
         <value>0xa850</value>
         <object_component_ref idref="oc-182"/>
      </symbol>
      <symbol id="sm-36c">
         <name>_unlock</name>
         <value>0xa852</value>
         <object_component_ref idref="oc-247"/>
      </symbol>
      <symbol id="sm-36d">
         <name>_register_lock</name>
         <value>0x831de</value>
         <object_component_ref idref="oc-21f"/>
      </symbol>
      <symbol id="sm-36e">
         <name>_register_unlock</name>
         <value>0x831da</value>
         <object_component_ref idref="oc-21f"/>
      </symbol>
      <symbol id="sm-37d">
         <name>_args_main</name>
         <value>0x831ba</value>
         <object_component_ref idref="oc-ce"/>
      </symbol>
      <symbol id="sm-38c">
         <name>_system_post_cinit</name>
         <value>0x831f1</value>
         <object_component_ref idref="oc-205"/>
      </symbol>
      <symbol id="sm-38e">
         <name>__c_args__</name>
         <value>0x0</value>
      </symbol>
   </symbol_table>
   <title>Link successful</title>
</link_info>
